Component: ARM Compiler 5.06 update 6 (build 750) Tool: armlink [4d35ed]

==============================================================================

Section Cross References

    app_task.o(i.app_task_init) refers to srv_led.o(i.srv_led_create) for srv_led_create
    app_task.o(i.app_task_init) refers to thread.o(i.rt_thread_init) for rt_thread_init
    app_task.o(i.app_task_init) refers to thread.o(i.rt_thread_startup) for rt_thread_startup
    app_task.o(i.app_task_init) refers to app_task.o(.bss) for led1
    app_task.o(i.app_task_init) refers to app_task.o(i.led_thread_entry) for led_thread_entry
    app_task.o(i.led_thread_entry) refers to thread.o(i.rt_thread_mdelay) for rt_thread_mdelay
    app_task.o(i.led_thread_entry) refers to app_task.o(.bss) for led2
    srv_led.o(i.srv_led_create) refers to drv_gpio.o(i.drv_gpio_create) for drv_gpio_create
    srv_led.o(i.srv_led_create) refers to srv_led.o(i._led_init) for _led_init
    srv_led.o(i.srv_led_create) refers to srv_led.o(i._led_on) for _led_on
    srv_led.o(i.srv_led_create) refers to srv_led.o(i._led_off) for _led_off
    srv_led.o(i.srv_led_create) refers to srv_led.o(i._led_toggle) for _led_toggle
    srv_led.o(i.srv_led_create) refers to srv_led.o(i._led_set) for _led_set
    srv_led.o(i.srv_led_create) refers to srv_led.o(i._led_get_state) for _led_get_state
    drv_gpio.o(i._gpio_read) refers to stm32f4xx_hal_gpio.o(i.HAL_GPIO_ReadPin) for HAL_GPIO_ReadPin
    drv_gpio.o(i._gpio_toggle) refers to stm32f4xx_hal_gpio.o(i.HAL_GPIO_TogglePin) for HAL_GPIO_TogglePin
    drv_gpio.o(i._gpio_write) refers to stm32f4xx_hal_gpio.o(i.HAL_GPIO_WritePin) for HAL_GPIO_WritePin
    drv_gpio.o(i.drv_gpio_create) refers to drv_gpio.o(i._gpio_init) for _gpio_init
    drv_gpio.o(i.drv_gpio_create) refers to drv_gpio.o(i._gpio_write) for _gpio_write
    drv_gpio.o(i.drv_gpio_create) refers to drv_gpio.o(i._gpio_read) for _gpio_read
    drv_gpio.o(i.drv_gpio_create) refers to drv_gpio.o(i._gpio_toggle) for _gpio_toggle
    startup_stm32f429xx.o(STACK) refers (Special) to heapauxi.o(.text) for __use_two_region_memory
    startup_stm32f429xx.o(HEAP) refers (Special) to heapauxi.o(.text) for __use_two_region_memory
    startup_stm32f429xx.o(RESET) refers (Special) to heapauxi.o(.text) for __use_two_region_memory
    startup_stm32f429xx.o(RESET) refers to startup_stm32f429xx.o(STACK) for __initial_sp
    startup_stm32f429xx.o(RESET) refers to startup_stm32f429xx.o(.text) for Reset_Handler
    startup_stm32f429xx.o(RESET) refers to stm32f4xx_it.o(i.NMI_Handler) for NMI_Handler
    startup_stm32f429xx.o(RESET) refers to context_rvds.o(.text) for HardFault_Handler
    startup_stm32f429xx.o(RESET) refers to stm32f4xx_it.o(i.MemManage_Handler) for MemManage_Handler
    startup_stm32f429xx.o(RESET) refers to stm32f4xx_it.o(i.BusFault_Handler) for BusFault_Handler
    startup_stm32f429xx.o(RESET) refers to stm32f4xx_it.o(i.UsageFault_Handler) for UsageFault_Handler
    startup_stm32f429xx.o(RESET) refers to stm32f4xx_it.o(i.DebugMon_Handler) for DebugMon_Handler
    startup_stm32f429xx.o(RESET) refers to board.o(i.SysTick_Handler) for SysTick_Handler
    startup_stm32f429xx.o(RESET) refers to stm32f4xx_it.o(i.TIM6_DAC_IRQHandler) for TIM6_DAC_IRQHandler
    startup_stm32f429xx.o(.text) refers (Special) to heapauxi.o(.text) for __use_two_region_memory
    startup_stm32f429xx.o(.text) refers to system_stm32f4xx.o(i.SystemInit) for SystemInit
    startup_stm32f429xx.o(.text) refers to __main.o(!!!main) for __main
    startup_stm32f429xx.o(.text) refers to startup_stm32f429xx.o(HEAP) for Heap_Mem
    startup_stm32f429xx.o(.text) refers to startup_stm32f429xx.o(STACK) for Stack_Mem
    main.o(i.HAL_TIM_PeriodElapsedCallback) refers to stm32f4xx_hal.o(i.HAL_IncTick) for HAL_IncTick
    main.o(i.SystemClock_Config) refers to rt_memclr_w.o(.text) for __aeabi_memclr4
    main.o(i.SystemClock_Config) refers to stm32f4xx_hal_rcc.o(i.HAL_RCC_OscConfig) for HAL_RCC_OscConfig
    main.o(i.SystemClock_Config) refers to main.o(i.Error_Handler) for Error_Handler
    main.o(i.SystemClock_Config) refers to stm32f4xx_hal_pwr_ex.o(i.HAL_PWREx_EnableOverDrive) for HAL_PWREx_EnableOverDrive
    main.o(i.SystemClock_Config) refers to stm32f4xx_hal_rcc.o(i.HAL_RCC_ClockConfig) for HAL_RCC_ClockConfig
    main.o(i.main) refers to stm32f4xx_hal.o(i.HAL_Init) for HAL_Init
    main.o(i.main) refers to main.o(i.SystemClock_Config) for SystemClock_Config
    main.o(i.main) refers to gpio.o(i.MX_GPIO_Init) for MX_GPIO_Init
    main.o(i.main) refers to app_task.o(i.app_task_init) for app_task_init
    main.o(i.main) refers to thread.o(i.rt_thread_mdelay) for rt_thread_mdelay
    gpio.o(i.MX_GPIO_Init) refers to rt_memclr_w.o(.text) for __aeabi_memclr4
    gpio.o(i.MX_GPIO_Init) refers to stm32f4xx_hal_gpio.o(i.HAL_GPIO_WritePin) for HAL_GPIO_WritePin
    gpio.o(i.MX_GPIO_Init) refers to stm32f4xx_hal_gpio.o(i.HAL_GPIO_Init) for HAL_GPIO_Init
[...]
    ..\Drivers\STM32F4xx_HAL_Driver\Src\stm32f4xx_hal_dma_ex.c 0x00000000   Number         0  stm32f4xx_hal_dma_ex.o ABSOLUTE
    ..\Drivers\STM32F4xx_HAL_Driver\Src\stm32f4xx_hal_exti.c 0x00000000   Number         0  stm32f4xx_hal_exti.o ABSOLUTE
    ..\Drivers\STM32F4xx_HAL_Driver\Src\stm32f4xx_hal_flash.c 0x00000000   Number         0  stm32f4xx_hal_flash.o ABSOLUTE
    ..\Drivers\STM32F4xx_HAL_Driver\Src\stm32f4xx_hal_flash_ex.c 0x00000000   Number         0  stm32f4xx_hal_flash_ex.o ABSOLUTE
    ..\Drivers\STM32F4xx_HAL_Driver\Src\stm32f4xx_hal_flash_ramfunc.c 0x00000000   Number         0  stm32f4xx_hal_flash_ramfunc.o ABSOLUTE
    ..\Drivers\STM32F4xx_HAL_Driver\Src\stm32f4xx_hal_gpio.c 0x00000000   Number         0  stm32f4xx_hal_gpio.o ABSOLUTE
    ..\Drivers\STM32F4xx_HAL_Driver\Src\stm32f4xx_hal_pwr.c 0x00000000   Number         0  stm32f4xx_hal_pwr.o ABSOLUTE
    ..\Drivers\STM32F4xx_HAL_Driver\Src\stm32f4xx_hal_pwr_ex.c 0x00000000   Number         0  stm32f4xx_hal_pwr_ex.o ABSOLUTE
    ..\Drivers\STM32F4xx_HAL_Driver\Src\stm32f4xx_hal_rcc.c 0x00000000   Number         0  stm32f4xx_hal_rcc.o ABSOLUTE
    ..\Drivers\STM32F4xx_HAL_Driver\Src\stm32f4xx_hal_rcc_ex.c 0x00000000   Number         0  stm32f4xx_hal_rcc_ex.o ABSOLUTE
    ..\Drivers\STM32F4xx_HAL_Driver\Src\stm32f4xx_hal_tim.c 0x00000000   Number         0  stm32f4xx_hal_tim.o ABSOLUTE
    ..\Drivers\STM32F4xx_HAL_Driver\Src\stm32f4xx_hal_tim_ex.c 0x00000000   Number         0  stm32f4xx_hal_tim_ex.o ABSOLUTE
    ..\Middlewares\Third_Party\RealThread_RTOS_RT-Thread\bsp\_template\cubemx_config\board.c 0x00000000   Number         0  board.o ABSOLUTE
    ..\Service\Src\srv_led.c                 0x00000000   Number         0  srv_led.o ABSOLUTE
    ..\\Application\\Src\\app_task.c         0x00000000   Number         0  app_task.o ABSOLUTE
    ..\\Driver\\Src\\drv_gpio.c              0x00000000   Number         0  drv_gpio.o ABSOLUTE
    dc.s                                     0x00000000   Number         0  dc.o ABSOLUTE
    startup_stm32f429xx.s                    0x00000000   Number         0  startup_stm32f429xx.o ABSOLUTE
    RESET                                    0x08000000   Section      428  startup_stm32f429xx.o(RESET)
    !!!main                                  0x080001ac   Section        8  __main.o(!!!main)
    !!!scatter                               0x080001b4   Section       52  __scatter.o(!!!scatter)
    !!handler_copy                           0x080001e8   Section       26  __scatter_copy.o(!!handler_copy)
    !!handler_zi                             0x08000204   Section       28  __scatter_zi.o(!!handler_zi)
    .ARM.Collect$$libinit$$00000000          0x08000220   Section        2  libinit.o(.ARM.Collect$$libinit$$00000000)
    .ARM.Collect$$libinit$$00000001          0x08000222   Section        4  libinit2.o(.ARM.Collect$$libinit$$00000001)
    .ARM.Collect$$libinit$$00000004          0x08000226   Section        0  libinit2.o(.ARM.Collect$$libinit$$00000004)
    .ARM.Collect$$libinit$$0000000A          0x08000226   Section        0  libinit2.o(.ARM.Collect$$libinit$$0000000A)
    .ARM.Collect$$libinit$$0000000C          0x08000226   Section        0  libinit2.o(.ARM.Collect$$libinit$$0000000C)
    .ARM.Collect$$libinit$$0000000E          0x08000226   Section        0  libinit2.o(.ARM.Collect$$libinit$$0000000E)
    .ARM.Collect$$libinit$$00000011          0x08000226   Section        0  libinit2.o(.ARM.Collect$$libinit$$00000011)
    .ARM.Collect$$libinit$$00000013          0x08000226   Section        0  libinit2.o(.ARM.Collect$$libinit$$00000013)
    .ARM.Collect$$libinit$$00000015          0x08000226   Section        0  libinit2.o(.ARM.Collect$$libinit$$00000015)
    .ARM.Collect$$libinit$$00000017          0x08000226   Section        0  libinit2.o(.ARM.Collect$$libinit$$00000017)
    .ARM.Collect$$libinit$$00000019          0x08000226   Section        0  libinit2.o(.ARM.Collect$$libinit$$00000019)
    .ARM.Collect$$libinit$$0000001B          0x08000226   Section        0  libinit2.o(.ARM.Collect$$libinit$$0000001B)
    .ARM.Collect$$libinit$$0000001D          0x08000226   Section        0  libinit2.o(.ARM.Collect$$libinit$$0000001D)
    .ARM.Collect$$libinit$$0000001F          0x08000226   Section        0  libinit2.o(.ARM.Collect$$libinit$$0000001F)
    .ARM.Collect$$libinit$$00000021          0x08000226   Section        0  libinit2.o(.ARM.Collect$$libinit$$00000021)
    .ARM.Collect$$libinit$$00000023          0x08000226   Section        0  libinit2.o(.ARM.Collect$$libinit$$00000023)
    .ARM.Collect$$libinit$$00000025          0x08000226   Section        0  libinit2.o(.ARM.Collect$$libinit$$00000025)
    .ARM.Collect$$libinit$$0000002C          0x08000226   Section        0  libinit2.o(.ARM.Collect$$libinit$$0000002C)
    .ARM.Collect$$libinit$$0000002E          0x08000226   Section        0  libinit2.o(.ARM.Collect$$libinit$$0000002E)
    .ARM.Collect$$libinit$$00000030          0x08000226   Section        0  libinit2.o(.ARM.Collect$$libinit$$00000030)
    .ARM.Collect$$libinit$$00000032          0x08000226   Section        0  libinit2.o(.ARM.Collect$$libinit$$00000032)
    .ARM.Collect$$libinit$$00000033          0x08000226   Section        2  libinit2.o(.ARM.Collect$$libinit$$00000033)
    .ARM.Collect$$libshutdown$$00000000      0x08000228   Section        2  libshutdown.o(.ARM.Collect$$libshutdown$$00000000)
    .ARM.Collect$$libshutdown$$00000002      0x0800022a   Section        0  libshutdown2.o(.ARM.Collect$$libshutdown$$00000002)
    .ARM.Collect$$libshutdown$$00000004      0x0800022a   Section        0  libshutdown2.o(.ARM.Collect$$libshutdown$$00000004)
    .ARM.Collect$$libshutdown$$00000007      0x0800022a   Section        0  libshutdown2.o(.ARM.Collect$$libshutdown$$00000007)
    .ARM.Collect$$libshutdown$$0000000A      0x0800022a   Section        0  libshutdown2.o(.ARM.Collect$$libshutdown$$0000000A)
    .ARM.Collect$$libshutdown$$0000000C      0x0800022a   Section        0  libshutdown2.o(.ARM.Collect$$libshutdown$$0000000C)
    .ARM.Collect$$libshutdown$$0000000F      0x0800022a   Section        0  libshutdown2.o(.ARM.Collect$$libshutdown$$0000000F)
    .ARM.Collect$$libshutdown$$00000010      0x0800022a   Section        2  libshutdown2.o(.ARM.Collect$$libshutdown$$00000010)
    .ARM.Collect$$rtentry$$00000000          0x0800022c   Section        0  __rtentry.o(.ARM.Collect$$rtentry$$00000000)
    .ARM.Collect$$rtentry$$00000002          0x0800022c   Section        0  __rtentry2.o(.ARM.Collect$$rtentry$$00000002)
    .ARM.Collect$$rtentry$$00000004          0x0800022c   Section        6  __rtentry4.o(.ARM.Collect$$rtentry$$00000004)
    .ARM.Collect$$rtentry$$00000009          0x08000232   Section        0  __rtentry2.o(.ARM.Collect$$rtentry$$00000009)
    .ARM.Collect$$rtentry$$0000000A          0x08000232   Section        4  __rtentry2.o(.ARM.Collect$$rtentry$$0000000A)
    .ARM.Collect$$rtentry$$0000000C          0x08000236   Section        0  __rtentry2.o(.ARM.Collect$$rtentry$$0000000C)
    .ARM.Collect$$rtentry$$0000000D          0x08000236   Section        8  __rtentry2.o(.ARM.Collect$$rtentry$$0000000D)
    .ARM.Collect$$rtexit$$00000000           0x0800023e   Section        2  rtexit.o(.ARM.Collect$$rtexit$$00000000)
    .ARM.Collect$$rtexit$$00000002           0x08000240   Section        0  rtexit2.o(.ARM.Collect$$rtexit$$00000002)
    .ARM.Collect$$rtexit$$00000003           0x08000240   Section        4  rtexit2.o(.ARM.Collect$$rtexit$$00000003)
    .ARM.Collect$$rtexit$$00000004           0x08000244   Section        6  rtexit2.o(.ARM.Collect$$rtexit$$00000004)
    .text                                    0x0800024c   Section       64  startup_stm32f429xx.o(.text)
    $v0                                      0x0800024c   Number         0  startup_stm32f429xx.o(.text)
    .text                                    0x0800028c   Section      316  context_rvds.o(.text)
    $v0                                      0x0800028c   Number         0  context_rvds.o(.text)
    .text                                    0x080003c8   Section      238  lludivv7m.o(.text)
    .text                                    0x080004b6   Section       78  rt_memclr_w.o(.text)
    .text                                    0x08000504   Section        0  heapauxi.o(.text)
    .text                                    0x0800050a   Section       74  sys_stackheap_outer.o(.text)
    .text                                    0x08000554   Section        0  exit.o(.text)
    .text                                    0x08000568   Section        8  libspace.o(.text)
    .text                                    0x08000570   Section        0  sys_exit.o(.text)
    .text                                    0x0800057c   Section        2  use_no_semi.o(.text)
    .text                                    0x0800057e   Section        0  indicate_semi.o(.text)
    i.$Sub$$main                             0x0800057e   Section        0  components.o(i.$Sub$$main)
    i.BusFault_Handler                       0x08000588   Section        0  stm32f4xx_it.o(i.BusFault_Handler)
    i.DebugMon_Handler                       0x0800058c   Section        0  stm32f4xx_it.o(i.DebugMon_Handler)
    i.Error_Handler                          0x0800058e   Section        0  main.o(i.Error_Handler)
    i.HAL_GPIO_Init                          0x08000594   Section        0  stm32f4xx_hal_gpio.o(i.HAL_GPIO_Init)
    i.HAL_GPIO_ReadPin                       0x080007a4   Section        0  stm32f4xx_hal_gpio.o(i.HAL_GPIO_ReadPin)
    i.HAL_GPIO_TogglePin                     0x080007b4   Section        0  stm32f4xx_hal_gpio.o(i.HAL_GPIO_TogglePin)
    i.HAL_GPIO_WritePin                      0x080007c8   Section        0  stm32f4xx_hal_gpio.o(i.HAL_GPIO_WritePin)
    i.HAL_GetTick                            0x080007d4   Section        0  stm32f4xx_hal.o(i.HAL_GetTick)
    i.HAL_IncTick                            0x080007e0   Section        0  stm32f4xx_hal.o(i.HAL_IncTick)
    i.HAL_Init                               0x080007f8   Section        0  stm32f4xx_hal.o(i.HAL_Init)
    i.HAL_InitTick                           0x08000834   Section        0  stm32f4xx_hal_timebase_tim.o(i.HAL_InitTick)
    i.HAL_MspInit                            0x080008e8   Section        0  stm32f4xx_hal_msp.o(i.HAL_MspInit)
    i.HAL_NVIC_EnableIRQ                     0x08000930   Section        0  stm32f4xx_hal_cortex.o(i.HAL_NVIC_EnableIRQ)
    i.HAL_NVIC_SetPriority                   0x08000958   Section        0  stm32f4xx_hal_cortex.o(i.HAL_NVIC_SetPriority)
    i.HAL_NVIC_SetPriorityGrouping           0x080009d4   Section        0  stm32f4xx_hal_cortex.o(i.HAL_NVIC_SetPriorityGrouping)
    i.HAL_PWREx_EnableOverDrive              0x080009fc   Section        0  stm32f4xx_hal_pwr_ex.o(i.HAL_PWREx_EnableOverDrive)
    i.HAL_RCC_ClockConfig                    0x08000a88   Section        0  stm32f4xx_hal_rcc.o(i.HAL_RCC_ClockConfig)
    i.HAL_RCC_GetClockConfig                 0x08000c0c   Section        0  stm32f4xx_hal_rcc.o(i.HAL_RCC_GetClockConfig)
    i.HAL_RCC_GetHCLKFreq                    0x08000c50   Section        0  stm32f4xx_hal_rcc.o(i.HAL_RCC_GetHCLKFreq)
    i.HAL_RCC_GetPCLK1Freq                   0x08000c5c   Section        0  stm32f4xx_hal_rcc.o(i.HAL_RCC_GetPCLK1Freq)
    i.HAL_RCC_GetSysClockFreq                0x08000c7c   Section        0  stm32f4xx_hal_rcc.o(i.HAL_RCC_GetSysClockFreq)
    i.HAL_RCC_OscConfig                      0x08000d2c   Section        0  stm32f4xx_hal_rcc.o(i.HAL_RCC_OscConfig)
    i.HAL_SYSTICK_Config                     0x080011c8   Section        0  stm32f4xx_hal_cortex.o(i.HAL_SYSTICK_Config)
    i.HAL_TIMEx_BreakCallback                0x080011fc   Section        0  stm32f4xx_hal_tim_ex.o(i.HAL_TIMEx_BreakCallback)
    i.HAL_TIMEx_CommutCallback               0x080011fe   Section        0  stm32f4xx_hal_tim_ex.o(i.HAL_TIMEx_CommutCallback)
    i.HAL_TIM_Base_Init                      0x08001200   Section        0  stm32f4xx_hal_tim.o(i.HAL_TIM_Base_Init)
    i.HAL_TIM_Base_MspInit                   0x08001266   Section        0  stm32f4xx_hal_tim.o(i.HAL_TIM_Base_MspInit)
    i.HAL_TIM_Base_Start_IT                  0x08001268   Section        0  stm32f4xx_hal_tim.o(i.HAL_TIM_Base_Start_IT)
    i.HAL_TIM_IC_CaptureCallback             0x08001310   Section        0  stm32f4xx_hal_tim.o(i.HAL_TIM_IC_CaptureCallback)
    i.HAL_TIM_IRQHandler                     0x08001312   Section        0  stm32f4xx_hal_tim.o(i.HAL_TIM_IRQHandler)
    i.HAL_TIM_OC_DelayElapsedCallback        0x0800147e   Section        0  stm32f4xx_hal_tim.o(i.HAL_TIM_OC_DelayElapsedCallback)
    i.HAL_TIM_PWM_PulseFinishedCallback      0x08001480   Section        0  stm32f4xx_hal_tim.o(i.HAL_TIM_PWM_PulseFinishedCallback)
    i.HAL_TIM_PeriodElapsedCallback          0x08001484   Section        0  main.o(i.HAL_TIM_PeriodElapsedCallback)
    i.HAL_TIM_TriggerCallback                0x0800149c   Section        0  stm32f4xx_hal_tim.o(i.HAL_TIM_TriggerCallback)
    i.MX_GPIO_Init                           0x080014a0   Section        0  gpio.o(i.MX_GPIO_Init)
    i.MemManage_Handler                      0x08001534   Section        0  stm32f4xx_it.o(i.MemManage_Handler)
    i.NMI_Handler                            0x08001538   Section        0  stm32f4xx_it.o(i.NMI_Handler)
    i.SysTick_Handler                        0x0800153c   Section        0  board.o(i.SysTick_Handler)
    i.SystemClock_Config                     0x08001550   Section        0  main.o(i.SystemClock_Config)
    i.SystemCoreClockUpdate                  0x08001610   Section        0  system_stm32f4xx.o(i.SystemCoreClockUpdate)
    i.SystemInit                             0x080016c4   Section        0  system_stm32f4xx.o(i.SystemInit)
    i.TIM6_DAC_IRQHandler                    0x080016d8   Section        0  stm32f4xx_it.o(i.TIM6_DAC_IRQHandler)
    i.TIM_Base_SetConfig                     0x080016e8   Section        0  stm32f4xx_hal_tim.o(i.TIM_Base_SetConfig)
    i.UsageFault_Handler                     0x080017c8   Section        0  stm32f4xx_it.o(i.UsageFault_Handler)
    i.__NVIC_GetPriorityGrouping             0x080017cc   Section        0  stm32f4xx_hal_cortex.o(i.__NVIC_GetPriorityGrouping)
    __NVIC_GetPriorityGrouping               0x080017cd   Thumb Code    10  stm32f4xx_hal_cortex.o(i.__NVIC_GetPriorityGrouping)
    i.__NVIC_SetPriority                     0x080017dc   Section        0  stm32f4xx_hal_cortex.o(i.__NVIC_SetPriority)
    __NVIC_SetPriority                       0x080017dd   Thumb Code    32  stm32f4xx_hal_cortex.o(i.__NVIC_SetPriority)
    i.__rt_ffs                               0x08001804   Section        0  kservice.o(i.__rt_ffs)
    i._gpio_init                             0x0800184c   Section        0  drv_gpio.o(i._gpio_init)
    _gpio_init                               0x0800184d   Thumb Code     2  drv_gpio.o(i._gpio_init)
    i._gpio_read                             0x0800184e   Section        0  drv_gpio.o(i._gpio_read)
    _gpio_read                               0x0800184f   Thumb Code    14  drv_gpio.o(i._gpio_read)
    i._gpio_toggle                           0x0800185c   Section        0  drv_gpio.o(i._gpio_toggle)
    _gpio_toggle                             0x0800185d   Thumb Code    14  drv_gpio.o(i._gpio_toggle)
    i._gpio_write                            0x0800186a   Section        0  drv_gpio.o(i._gpio_write)
    _gpio_write                              0x0800186b   Thumb Code    26  drv_gpio.o(i._gpio_write)
    i._led_get_state                         0x08001884   Section        0  srv_led.o(i._led_get_state)
    _led_get_state                           0x08001885   Thumb Code     6  srv_led.o(i._led_get_state)
    i._led_init                              0x0800188a   Section        0  srv_led.o(i._led_init)
    _led_init                                0x0800188b   Thumb Code    22  srv_led.o(i._led_init)
    i._led_off                               0x080018a0   Section        0  srv_led.o(i._led_off)
    _led_off                                 0x080018a1   Thumb Code    32  srv_led.o(i._led_off)
    i._led_on                                0x080018c0   Section        0  srv_led.o(i._led_on)
    _led_on                                  0x080018c1   Thumb Code    32  srv_led.o(i._led_on)
    i._led_set                               0x080018e0   Section        0  srv_led.o(i._led_set)
    _led_set                                 0x080018e1   Thumb Code    26  srv_led.o(i._led_set)
    i._led_toggle                            0x080018fa   Section        0  srv_led.o(i._led_toggle)
    _led_toggle                              0x080018fb   Thumb Code    26  srv_led.o(i._led_toggle)
    i._scheduler_get_highest_priority_thread 0x08001914   Section        0  scheduler.o(i._scheduler_get_highest_priority_thread)
    _scheduler_get_highest_priority_thread   0x08001915   Thumb Code    26  scheduler.o(i._scheduler_get_highest_priority_thread)
    i._thread_exit                           0x08001938   Section        0  thread.o(i._thread_exit)
    _thread_exit                             0x08001939   Thumb Code    54  thread.o(i._thread_exit)
    i._thread_init                           0x08001970   Section        0  thread.o(i._thread_init)
    _thread_init                             0x08001971   Thumb Code   110  thread.o(i._thread_init)
    i._thread_timeout                        0x080019e8   Section        0  thread.o(i._thread_timeout)
    _thread_timeout                          0x080019e9   Thumb Code    56  thread.o(i._thread_timeout)
    i._timer_init                            0x08001a20   Section        0  timer.o(i._timer_init)
    _timer_init                              0x08001a21   Thumb Code    40  timer.o(i._timer_init)
    i.app_task_init                          0x08001a48   Section        0  app_task.o(i.app_task_init)
    i.drv_gpio_create                        0x08001aa4   Section        0  drv_gpio.o(i.drv_gpio_create)
    i.led_thread_entry                       0x08001acc   Section        0  app_task.o(i.led_thread_entry)
    led_thread_entry                         0x08001acd   Thumb Code    44  app_task.o(i.led_thread_entry)
    i.main                                   0x08001b00   Section        0  main.o(i.main)
    i.main_thread_entry                      0x08001b1c   Section        0  components.o(i.main_thread_entry)
    i.print_number                           0x08001b2c   Section        0  kservice.o(i.print_number)
    print_number                             0x08001b2d   Thumb Code   354  kservice.o(i.print_number)
    i.rt_application_init                    0x08001c9c   Section        0  components.o(i.rt_application_init)
    i.rt_components_board_init               0x08001ce0   Section        0  components.o(i.rt_components_board_init)
    i.rt_components_init                     0x08001d00   Section        0  components.o(i.rt_components_init)
    i.rt_defunct_execute                     0x08001d20   Section        0  idle.o(i.rt_defunct_execute)
    rt_defunct_execute                       0x08001d21   Thumb Code    40  idle.o(i.rt_defunct_execute)
    i.rt_enter_critical                      0x08001d48   Section        0  scheduler.o(i.rt_enter_critical)
    i.rt_exit_critical                       0x08001d64   Section        0  scheduler.o(i.rt_exit_critical)
    i.rt_hw_board_init                       0x08001d9c   Section        0  board.o(i.rt_hw_board_init)
    i.rt_hw_hard_fault_exception             0x08001dc4   Section        0  cpuport.o(i.rt_hw_hard_fault_exception)
    i.rt_hw_stack_init                       0x08001de0   Section        0  cpuport.o(i.rt_hw_stack_init)
    i.rt_interrupt_enter                     0x08001e24   Section        0  irq.o(i.rt_interrupt_enter)
    i.rt_interrupt_leave                     0x08001e40   Section        0  irq.o(i.rt_interrupt_leave)
    i.rt_memset                              0x08001e5c   Section        0  kservice.o(i.rt_memset)
    i.rt_object_detach                       0x08001eb2   Section        0  object.o(i.rt_object_detach)
    i.rt_object_get_information              0x08001ee0   Section        0  object.o(i.rt_object_get_information)
    i.rt_object_init                         0x08001f04   Section        0  object.o(i.rt_object_init)
    i.rt_object_is_systemobject              0x08001f5e   Section        0  object.o(i.rt_object_is_systemobject)
    i.rt_schedule                            0x08001f70   Section        0  scheduler.o(i.rt_schedule)
    i.rt_schedule_insert_thread              0x08002050   Section        0  scheduler.o(i.rt_schedule_insert_thread)
    i.rt_schedule_remove_thread              0x080020e8   Section        0  scheduler.o(i.rt_schedule_remove_thread)
    i.rt_show_version                        0x0800213c   Section        0  kservice.o(i.rt_show_version)
    i.rt_sprintf                             0x0800213e   Section        0  kservice.o(i.rt_sprintf)
    i.rt_strncpy                             0x08002150   Section        0  kservice.o(i.rt_strncpy)
    i.rt_system_scheduler_init               0x0800217c   Section        0  scheduler.o(i.rt_system_scheduler_init)
    i.rt_system_scheduler_start              0x080021a8   Section        0  scheduler.o(i.rt_system_scheduler_start)
    i.rt_system_timer_init                   0x080021d0   Section        0  timer.o(i.rt_system_timer_init)
    i.rt_system_timer_thread_init            0x080021e8   Section        0  timer.o(i.rt_system_timer_thread_init)
    i.rt_thread_defunct_dequeue              0x080021ec   Section        0  idle.o(i.rt_thread_defunct_dequeue)
    i.rt_thread_defunct_enqueue              0x08002220   Section        0  idle.o(i.rt_thread_defunct_enqueue)
    i.rt_thread_idle_entry                   0x08002238   Section        0  idle.o(i.rt_thread_idle_entry)
    rt_thread_idle_entry                     0x08002239   Thumb Code     6  idle.o(i.rt_thread_idle_entry)
    i.rt_thread_idle_init                    0x08002240   Section        0  idle.o(i.rt_thread_idle_init)
    i.rt_thread_init                         0x080022a8   Section        0  thread.o(i.rt_thread_init)
    i.rt_thread_mdelay                       0x080022da   Section        0  thread.o(i.rt_thread_mdelay)
    i.rt_thread_resume                       0x080022e8   Section        0  thread.o(i.rt_thread_resume)
    i.rt_thread_self                         0x08002330   Section        0  thread.o(i.rt_thread_self)
    i.rt_thread_sleep                        0x0800233c   Section        0  thread.o(i.rt_thread_sleep)
    i.rt_thread_startup                      0x08002380   Section        0  thread.o(i.rt_thread_startup)
    i.rt_thread_suspend                      0x080023a6   Section        0  thread.o(i.rt_thread_suspend)
    i.rt_tick_from_millisecond               0x080023ee   Section        0  clock.o(i.rt_tick_from_millisecond)
    i.rt_tick_get                            0x08002420   Section        0  clock.o(i.rt_tick_get)
    i.rt_tick_increase                       0x0800242c   Section        0  clock.o(i.rt_tick_increase)
    i.rt_timer_check                         0x08002478   Section        0  timer.o(i.rt_timer_check)
    i.rt_timer_control                       0x0800256c   Section        0  timer.o(i.rt_timer_control)
    i.rt_timer_detach                        0x080025c6   Section        0  timer.o(i.rt_timer_detach)
    i.rt_timer_init                          0x0800260c   Section        0  timer.o(i.rt_timer_init)
    i.rt_timer_start                         0x08002638   Section        0  timer.o(i.rt_timer_start)
    i.rt_timer_stop                          0x08002708   Section        0  timer.o(i.rt_timer_stop)
    i.rt_vsnprintf                           0x0800275c   Section        0  kservice.o(i.rt_vsnprintf)
    i.rt_vsprintf                            0x08002a88   Section        0  kservice.o(i.rt_vsprintf)
    i.rti_board_end                          0x08002a9a   Section        0  components.o(i.rti_board_end)
    rti_board_end                            0x08002a9b   Thumb Code     4  components.o(i.rti_board_end)
    i.rti_board_start                        0x08002a9e   Section        0  components.o(i.rti_board_start)
    rti_board_start                          0x08002a9f   Thumb Code     4  components.o(i.rti_board_start)
    i.rti_end                                0x08002aa2   Section        0  components.o(i.rti_end)
    rti_end                                  0x08002aa3   Thumb Code     4  components.o(i.rti_end)
    i.rti_start                              0x08002aa6   Section        0  components.o(i.rti_start)
    rti_start                                0x08002aa7   Thumb Code     4  components.o(i.rti_start)
    i.rtthread_startup                       0x08002aaa   Section        0  components.o(i.rtthread_startup)
    i.srv_led_create                         0x08002ad4   Section        0  srv_led.o(i.srv_led_create)
    x$fpl$fpinit                             0x08002b24   Section       10  fpinit.o(x$fpl$fpinit)
    $v0                                      0x08002b24   Number         0  fpinit.o(x$fpl$fpinit)
    .constdata                               0x08002b2e   Section       24  system_stm32f4xx.o(.constdata)
    .constdata                               0x08002b46   Section      290  kservice.o(.constdata)
    small_digits                             0x08002c46   Data          17  kservice.o(.constdata)
    large_digits                             0x08002c57   Data          17  kservice.o(.constdata)
    .rti_fn.0                                0x08002c68   Section        4  components.o(.rti_fn.0)
    __tagsym$$used                           0x08002c68   Number         0  components.o(.rti_fn.0)
    .rti_fn.0.end                            0x08002c6c   Section        4  components.o(.rti_fn.0.end)
    __tagsym$$used                           0x08002c6c   Number         0  components.o(.rti_fn.0.end)
    .rti_fn.1.end                            0x08002c70   Section        4  components.o(.rti_fn.1.end)
    __tagsym$$used                           0x08002c70   Number         0  components.o(.rti_fn.1.end)
    .rti_fn.6.end                            0x08002c74   Section        4  components.o(.rti_fn.6.end)
    __tagsym$$used                           0x08002c74   Number         0  components.o(.rti_fn.6.end)
    .data                                    0x20000000   Section        9  stm32f4xx_hal.o(.data)
    .data                                    0x2000000c   Section        4  system_stm32f4xx.o(.data)
    .data                                    0x20000010   Section        4  cpuport.o(.data)
    rt_exception_hook                        0x20000010   Data           4  cpuport.o(.data)
    .data                                    0x20000014   Section        4  cpuport.o(.data)
    .data                                    0x20000018   Section        4  cpuport.o(.data)
    .data                                    0x2000001c   Section        4  cpuport.o(.data)
    .data                                    0x20000020   Section        4  clock.o(.data)
    rt_tick                                  0x20000020   Data           4  clock.o(.data)
    .data                                    0x20000024   Section        8  idle.o(.data)
    _rt_thread_defunct                       0x20000024   Data           8  idle.o(.data)
    .data                                    0x2000002c   Section        1  irq.o(.data)
    .data                                    0x20000030   Section       48  object.o(.data)
    _object_container                        0x20000030   Data          48  object.o(.data)
    .data                                    0x20000060   Section       12  scheduler.o(.data)
    rt_scheduler_lock_nest                   0x20000062   Data           2  scheduler.o(.data)
    .data                                    0x2000006c   Section       12  timer.o(.data)
    random_nr                                0x2000006c   Data           4  timer.o(.data)
    _timer_list                              0x20000070   Data           8  timer.o(.data)
    .bss                                     0x20000078   Section      736  app_task.o(.bss)
    led1                                     0x20000078   Data          52  app_task.o(.bss)
    led2                                     0x200000ac   Data          52  app_task.o(.bss)
    led_thread                               0x200000e0   Data         120  app_task.o(.bss)
    led_stack                                0x20000158   Data         512  app_task.o(.bss)
    .bss                                     0x20000358   Section       72  stm32f4xx_hal_timebase_tim.o(.bss)
    .bss                                     0x200003a0   Section     1144  components.o(.bss)
    main_stack                               0x200003a0   Data        1024  components.o(.bss)
    .bss                                     0x20000818   Section      248  idle.o(.bss)
    idle                                     0x20000818   Data         120  idle.o(.bss)
    rt_thread_stack                          0x20000890   Data         128  idle.o(.bss)
    .bss                                     0x20000910   Section      256  scheduler.o(.bss)
    .bss                                     0x20000a10   Section       96  libspace.o(.bss)
    HEAP                                     0x20000a70   Section      512  startup_stm32f429xx.o(HEAP)
    Heap_Mem                                 0x20000a70   Data         512  startup_stm32f429xx.o(HEAP)
    STACK                                    0x20000c70   Section     1024  startup_stm32f429xx.o(STACK)
    Stack_Mem                                0x20000c70   Data        1024  startup_stm32f429xx.o(STACK)
    __initial_sp                             0x20001070   Data           0  startup_stm32f429xx.o(STACK)

    Global Symbols

    Symbol Name                              Value     Ov Type        Size  Object(Section)

    BuildAttributes$$THM_ISAv4$E$P$D$K$B$S$7EM$VFPi3$EXTD16$VFPS$VFMA$PE$A:L22UL41UL21$X:L11$S22US41US21$IEEE1$IW$USESV6$~STKCKD$USESV7$~SHL$OTIME$ROPI$EBA8$UX$STANDARDLIB$REQ8$PRES8$EABIv2 0x00000000   Number         0  anon$$obj.o ABSOLUTE
    __ARM_use_no_argv                        0x00000000   Number         0  main.o ABSOLUTE
    __ARM_exceptions_init                     - Undefined Weak Reference
    __alloca_initialize                       - Undefined Weak Reference
    __arm_preinit_                            - Undefined Weak Reference
    __cpp_initialize__aeabi_                  - Undefined Weak Reference
    __cxa_finalize                            - Undefined Weak Reference
    __rt_locale                               - Undefined Weak Reference
    __sigvec_lookup                           - Undefined Weak Reference
    _atexit_init                              - Undefined Weak Reference
    _call_atexit_fns                          - Undefined Weak Reference
    _clock_init                               - Undefined Weak Reference
    _fp_trap_init                             - Undefined Weak Reference
    _fp_trap_shutdown                         - Undefined Weak Reference
    _get_lc_collate                           - Undefined Weak Reference
    _get_lc_ctype                             - Undefined Weak Reference
    _get_lc_monetary                          - Undefined Weak Reference
    _get_lc_numeric                           - Undefined Weak Reference
    _get_lc_time                              - Undefined Weak Reference
    _getenv_init                              - Undefined Weak Reference
    _handle_redirection                       - Undefined Weak Reference
    _init_alloc                               - Undefined Weak Reference
    _init_user_alloc                          - Undefined Weak Reference
    _initio                                   - Undefined Weak Reference
    _rand_init                                - Undefined Weak Reference
    _signal_finish                            - Undefined Weak Reference
    _signal_init                              - Undefined Weak Reference
    _terminate_alloc                          - Undefined Weak Reference
    _terminate_user_alloc                     - Undefined Weak Reference
    _terminateio                              - Undefined Weak Reference
    __Vectors_Size                           0x000001ac   Number         0  startup_stm32f429xx.o ABSOLUTE
    __Vectors                                0x08000000   Data           4  startup_stm32f429xx.o(RESET)
    __Vectors_End                            0x080001ac   Data           0  startup_stm32f429xx.o(RESET)
    __main                                   0x080001ad   Thumb Code     8  __main.o(!!!main)
    __scatterload                            0x080001b5   Thumb Code     0  __scatter.o(!!!scatter)
    __scatterload_rt2                        0x080001b5   Thumb Code    44  __scatter.o(!!!scatter)
    __scatterload_rt2_thumb_only             0x080001b5   Thumb Code     0  __scatter.o(!!!scatter)
    __scatterload_null                       0x080001c3   Thumb Code     0  __scatter.o(!!!scatter)
    __scatterload_copy                       0x080001e9   Thumb Code    26  __scatter_copy.o(!!handler_copy)
    __scatterload_zeroinit                   0x08000205   Thumb Code    28  __scatter_zi.o(!!handler_zi)
    __rt_lib_init                            0x08000221   Thumb Code     0  libinit.o(.ARM.Collect$$libinit$$00000000)
    __rt_lib_init_fp_1                       0x08000223   Thumb Code     0  libinit2.o(.ARM.Collect$$libinit$$00000001)
    __rt_lib_init_alloca_1                   0x08000227   Thumb Code     0  libinit2.o(.ARM.Collect$$libinit$$0000002E)
    __rt_lib_init_argv_1                     0x08000227   Thumb Code     0  libinit2.o(.ARM.Collect$$libinit$$0000002C)
    __rt_lib_init_atexit_1                   0x08000227   Thumb Code     0  libinit2.o(.ARM.Collect$$libinit$$0000001B)
    __rt_lib_init_clock_1                    0x08000227   Thumb Code     0  libinit2.o(.ARM.Collect$$libinit$$00000021)
    __rt_lib_init_cpp_1                      0x08000227   Thumb Code     0  libinit2.o(.ARM.Collect$$libinit$$00000032)
    __rt_lib_init_exceptions_1               0x08000227   Thumb Code     0  libinit2.o(.ARM.Collect$$libinit$$00000030)
    __rt_lib_init_fp_trap_1                  0x08000227   Thumb Code     0  libinit2.o(.ARM.Collect$$libinit$$0000001F)
    __rt_lib_init_getenv_1                   0x08000227   Thumb Code     0  libinit2.o(.ARM.Collect$$libinit$$00000023)
    __rt_lib_init_heap_1                     0x08000227   Thumb Code     0  libinit2.o(.ARM.Collect$$libinit$$0000000A)
    __rt_lib_init_lc_collate_1               0x08000227   Thumb Code     0  libinit2.o(.ARM.Collect$$libinit$$00000011)
    __rt_lib_init_lc_ctype_1                 0x08000227   Thumb Code     0  libinit2.o(.ARM.Collect$$libinit$$00000013)
    __rt_lib_init_lc_monetary_1              0x08000227   Thumb Code     0  libinit2.o(.ARM.Collect$$libinit$$00000015)
    __rt_lib_init_lc_numeric_1               0x08000227   Thumb Code     0  libinit2.o(.ARM.Collect$$libinit$$00000017)
    __rt_lib_init_lc_time_1                  0x08000227   Thumb Code     0  libinit2.o(.ARM.Collect$$libinit$$00000019)
    __rt_lib_init_preinit_1                  0x08000227   Thumb Code     0  libinit2.o(.ARM.Collect$$libinit$$00000004)
    __rt_lib_init_rand_1                     0x08000227   Thumb Code     0  libinit2.o(.ARM.Collect$$libinit$$0000000E)
    __rt_lib_init_return                     0x08000227   Thumb Code     0  libinit2.o(.ARM.Collect$$libinit$$00000033)
    __rt_lib_init_signal_1                   0x08000227   Thumb Code     0  libinit2.o(.ARM.Collect$$libinit$$0000001D)
    __rt_lib_init_stdio_1                    0x08000227   Thumb Code     0  libinit2.o(.ARM.Collect$$libinit$$00000025)
    __rt_lib_init_user_alloc_1               0x08000227   Thumb Code     0  libinit2.o(.ARM.Collect$$libinit$$0000000C)
    __rt_lib_shutdown                        0x08000229   Thumb Code     0  libshutdown.o(.ARM.Collect$$libshutdown$$00000000)
    __rt_lib_shutdown_cpp_1                  0x0800022b   Thumb Code     0  libshutdown2.o(.ARM.Collect$$libshutdown$$00000002)
    __rt_lib_shutdown_fp_trap_1              0x0800022b   Thumb Code     0  libshutdown2.o(.ARM.Collect$$libshutdown$$00000007)
    __rt_lib_shutdown_heap_1                 0x0800022b   Thumb Code     0  libshutdown2.o(.ARM.Collect$$libshutdown$$0000000F)
    __rt_lib_shutdown_return                 0x0800022b   Thumb Code     0  libshutdown2.o(.ARM.Collect$$libshutdown$$00000010)
    __rt_lib_shutdown_signal_1               0x0800022b   Thumb Code     0  libshutdown2.o(.ARM.Collect$$libshutdown$$0000000A)
    __rt_lib_shutdown_stdio_1                0x0800022b   Thumb Code     0  libshutdown2.o(.ARM.Collect$$libshutdown$$00000004)
    __rt_lib_shutdown_user_alloc_1           0x0800022b   Thumb Code     0  libshutdown2.o(.ARM.Collect$$libshutdown$$0000000C)
    __rt_entry                               0x0800022d   Thumb Code     0  __rtentry.o(.ARM.Collect$$rtentry$$00000000)
    __rt_entry_presh_1                       0x0800022d   Thumb Code     0  __rtentry2.o(.ARM.Collect$$rtentry$$00000002)
    __rt_entry_sh                            0x0800022d   Thumb Code     0  __rtentry4.o(.ARM.Collect$$rtentry$$00000004)
    __rt_entry_li                            0x08000233   Thumb Code     0  __rtentry2.o(.ARM.Collect$$rtentry$$0000000A)
    __rt_entry_postsh_1                      0x08000233   Thumb Code     0  __rtentry2.o(.ARM.Collect$$rtentry$$00000009)
    __rt_entry_main                          0x08000237   Thumb Code     0  __rtentry2.o(.ARM.Collect$$rtentry$$0000000D)
    __rt_entry_postli_1                      0x08000237   Thumb Code     0  __rtentry2.o(.ARM.Collect$$rtentry$$0000000C)
    __rt_exit                                0x0800023f   Thumb Code     0  rtexit.o(.ARM.Collect$$rtexit$$00000000)
    __rt_exit_ls                             0x08000241   Thumb Code     0  rtexit2.o(.ARM.Collect$$rtexit$$00000003)
    __rt_exit_prels_1                        0x08000241   Thumb Code     0  rtexit2.o(.ARM.Collect$$rtexit$$00000002)
    __rt_exit_exit                           0x08000245   Thumb Code     0  rtexit2.o(.ARM.Collect$$rtexit$$00000004)
    Reset_Handler                            0x0800024d   Thumb Code     8  startup_stm32f429xx.o(.text)
    SVC_Handler                              0x0800025f   Thumb Code     2  startup_stm32f429xx.o(.text)
    ADC_IRQHandler                           0x08000267   Thumb Code     0  startup_stm32f429xx.o(.text)
    CAN1_RX0_IRQHandler                      0x08000267   Thumb Code     0  startup_stm32f429xx.o(.text)
    CAN1_RX1_IRQHandler                      0x08000267   Thumb Code     0  startup_stm32f429xx.o(.text)
    CAN1_SCE_IRQHandler                      0x08000267   Thumb Code     0  startup_stm32f429xx.o(.text)
    CAN1_TX_IRQHandler                       0x08000267   Thumb Code     0  startup_stm32f429xx.o(.text)
    CAN2_RX0_IRQHandler                      0x08000267   Thumb Code     0  startup_stm32f429xx.o(.text)
    CAN2_RX1_IRQHandler                      0x08000267   Thumb Code     0  startup_stm32f429xx.o(.text)
    CAN2_SCE_IRQHandler                      0x08000267   Thumb Code     0  startup_stm32f429xx.o(.text)
    CAN2_TX_IRQHandler                       0x08000267   Thumb Code     0  startup_stm32f429xx.o(.text)
    DCMI_IRQHandler                          0x08000267   Thumb Code     0  startup_stm32f429xx.o(.text)
    DMA1_Stream0_IRQHandler                  0x08000267   Thumb Code     0  startup_stm32f429xx.o(.text)
    DMA1_Stream1_IRQHandler                  0x08000267   Thumb Code     0  startup_stm32f429xx.o(.text)
    DMA1_Stream2_IRQHandler                  0x08000267   Thumb Code     0  startup_stm32f429xx.o(.text)
    DMA1_Stream3_IRQHandler                  0x08000267   Thumb Code     0  startup_stm32f429xx.o(.text)
    DMA1_Stream4_IRQHandler                  0x08000267   Thumb Code     0  startup_stm32f429xx.o(.text)
    DMA1_Stream5_IRQHandler                  0x08000267   Thumb Code     0  startup_stm32f429xx.o(.text)
    DMA1_Stream6_IRQHandler                  0x08000267   Thumb Code     0  startup_stm32f429xx.o(.text)
    DMA1_Stream7_IRQHandler                  0x08000267   Thumb Code     0  startup_stm32f429xx.o(.text)
    DMA2D_IRQHandler                         0x08000267   Thumb Code     0  startup_stm32f429xx.o(.text)
    DMA2_Stream0_IRQHandler                  0x08000267   Thumb Code     0  startup_stm32f429xx.o(.text)
    DMA2_Stream1_IRQHandler                  0x08000267   Thumb Code     0  startup_stm32f429xx.o(.text)
    DMA2_Stream2_IRQHandler                  0x08000267   Thumb Code     0  startup_stm32f429xx.o(.text)
    DMA2_Stream3_IRQHandler                  0x08000267   Thumb Code     0  startup_stm32f429xx.o(.text)
    DMA2_Stream4_IRQHandler                  0x08000267   Thumb Code     0  startup_stm32f429xx.o(.text)
    DMA2_Stream5_IRQHandler                  0x08000267   Thumb Code     0  startup_stm32f429xx.o(.text)
    DMA2_Stream6_IRQHandler                  0x08000267   Thumb Code     0  startup_stm32f429xx.o(.text)
    DMA2_Stream7_IRQHandler                  0x08000267   Thumb Code     0  startup_stm32f429xx.o(.text)
    ETH_IRQHandler                           0x08000267   Thumb Code     0  startup_stm32f429xx.o(.text)
    ETH_WKUP_IRQHandler                      0x08000267   Thumb Code     0  startup_stm32f429xx.o(.text)
    EXTI0_IRQHandler                         0x08000267   Thumb Code     0  startup_stm32f429xx.o(.text)
    EXTI15_10_IRQHandler                     0x08000267   Thumb Code     0  startup_stm32f429xx.o(.text)
    EXTI1_IRQHandler                         0x08000267   Thumb Code     0  startup_stm32f429xx.o(.text)
    EXTI2_IRQHandler                         0x08000267   Thumb Code     0  startup_stm32f429xx.o(.text)
    EXTI3_IRQHandler                         0x08000267   Thumb Code     0  startup_stm32f429xx.o(.text)
    EXTI4_IRQHandler                         0x08000267   Thumb Code     0  startup_stm32f429xx.o(.text)
    EXTI9_5_IRQHandler                       0x08000267   Thumb Code     0  startup_stm32f429xx.o(.text)
    FLASH_IRQHandler                         0x08000267   Thumb Code     0  startup_stm32f429xx.o(.text)
    FMC_IRQHandler                           0x08000267   Thumb Code     0  startup_stm32f429xx.o(.text)
    FPU_IRQHandler                           0x08000267   Thumb Code     0  startup_stm32f429xx.o(.text)
    HASH_RNG_IRQHandler                      0x08000267   Thumb Code     0  startup_stm32f429xx.o(.text)
    I2C1_ER_IRQHandler                       0x08000267   Thumb Code     0  startup_stm32f429xx.o(.text)
    I2C1_EV_IRQHandler                       0x08000267   Thumb Code     0  startup_stm32f429xx.o(.text)
    I2C2_ER_IRQHandler                       0x08000267   Thumb Code     0  startup_stm32f429xx.o(.text)
    I2C2_EV_IRQHandler                       0x08000267   Thumb Code     0  startup_stm32f429xx.o(.text)
    I2C3_ER_IRQHandler                       0x08000267   Thumb Code     0  startup_stm32f429xx.o(.text)
    I2C3_EV_IRQHandler                       0x08000267   Thumb Code     0  startup_stm32f429xx.o(.text)
    LTDC_ER_IRQHandler                       0x08000267   Thumb Code     0  startup_stm32f429xx.o(.text)
    LTDC_IRQHandler                          0x08000267   Thumb Code     0  startup_stm32f429xx.o(.text)
    OTG_FS_IRQHandler                        0x08000267   Thumb Code     0  startup_stm32f429xx.o(.text)
    OTG_FS_WKUP_IRQHandler                   0x08000267   Thumb Code     0  startup_stm32f429xx.o(.text)
    OTG_HS_EP1_IN_IRQHandler                 0x08000267   Thumb Code     0  startup_stm32f429xx.o(.text)
    OTG_HS_EP1_OUT_IRQHandler                0x08000267   Thumb Code     0  startup_stm32f429xx.o(.text)
    OTG_HS_IRQHandler                        0x08000267   Thumb Code     0  startup_stm32f429xx.o(.text)
    OTG_HS_WKUP_IRQHandler                   0x08000267   Thumb Code     0  startup_stm32f429xx.o(.text)
    PVD_IRQHandler                           0x08000267   Thumb Code     0  startup_stm32f429xx.o(.text)
    RCC_IRQHandler                           0x08000267   Thumb Code     0  startup_stm32f429xx.o(.text)
    RTC_Alarm_IRQHandler                     0x08000267   Thumb Code     0  startup_stm32f429xx.o(.text)
    RTC_WKUP_IRQHandler                      0x08000267   Thumb Code     0  startup_stm32f429xx.o(.text)
    SAI1_IRQHandler                          0x08000267   Thumb Code     0  startup_stm32f429xx.o(.text)
    SDIO_IRQHandler                          0x08000267   Thumb Code     0  startup_stm32f429xx.o(.text)
    SPI1_IRQHandler                          0x08000267   Thumb Code     0  startup_stm32f429xx.o(.text)
    SPI2_IRQHandler                          0x08000267   Thumb Code     0  startup_stm32f429xx.o(.text)
    SPI3_IRQHandler                          0x08000267   Thumb Code     0  startup_stm32f429xx.o(.text)
    SPI4_IRQHandler                          0x08000267   Thumb Code     0  startup_stm32f429xx.o(.text)
    SPI5_IRQHandler                          0x08000267   Thumb Code     0  startup_stm32f429xx.o(.text)
    SPI6_IRQHandler                          0x08000267   Thumb Code     0  startup_stm32f429xx.o(.text)
    TAMP_STAMP_IRQHandler                    0x08000267   Thumb Code     0  startup_stm32f429xx.o(.text)
    TIM1_BRK_TIM9_IRQHandler                 0x08000267   Thumb Code     0  startup_stm32f429xx.o(.text)
    TIM1_CC_IRQHandler                       0x08000267   Thumb Code     0  startup_stm32f429xx.o(.text)
    TIM1_TRG_COM_TIM11_IRQHandler            0x08000267   Thumb Code     0  startup_stm32f429xx.o(.text)
    TIM1_UP_TIM10_IRQHandler                 0x08000267   Thumb Code     0  startup_stm32f429xx.o(.text)
    TIM2_IRQHandler                          0x08000267   Thumb Code     0  startup_stm32f429xx.o(.text)
    TIM3_IRQHandler                          0x08000267   Thumb Code     0  startup_stm32f429xx.o(.text)
    TIM4_IRQHandler                          0x08000267   Thumb Code     0  startup_stm32f429xx.o(.text)
    TIM5_IRQHandler                          0x08000267   Thumb Code     0  startup_stm32f429xx.o(.text)
    TIM7_IRQHandler                          0x08000267   Thumb Code     0  startup_stm32f429xx.o(.text)
    TIM8_BRK_TIM12_IRQHandler                0x08000267   Thumb Code     0  startup_stm32f429xx.o(.text)
    TIM8_CC_IRQHandler                       0x08000267   Thumb Code     0  startup_stm32f429xx.o(.text)
    TIM8_TRG_COM_TIM14_IRQHandler            0x08000267   Thumb Code     0  startup_stm32f429xx.o(.text)
    TIM8_UP_TIM13_IRQHandler                 0x08000267   Thumb Code     0  startup_stm32f429xx.o(.text)
    UART4_IRQHandler                         0x08000267   Thumb Code     0  startup_stm32f429xx.o(.text)
    UART5_IRQHandler                         0x08000267   Thumb Code     0  startup_stm32f429xx.o(.text)
    UART7_IRQHandler                         0x08000267   Thumb Code     0  startup_stm32f429xx.o(.text)
    UART8_IRQHandler                         0x08000267   Thumb Code     0  startup_stm32f429xx.o(.text)
    USART1_IRQHandler                        0x08000267   Thumb Code     0  startup_stm32f429xx.o(.text)
    USART2_IRQHandler                        0x08000267   Thumb Code     0  startup_stm32f429xx.o(.text)
    USART3_IRQHandler                        0x08000267   Thumb Code     0  startup_stm32f429xx.o(.text)
    USART6_IRQHandler                        0x08000267   Thumb Code     0  startup_stm32f429xx.o(.text)
    WWDG_IRQHandler                          0x08000267   Thumb Code     0  startup_stm32f429xx.o(.text)
    __user_initial_stackheap                 0x08000269   Thumb Code     0  startup_stm32f429xx.o(.text)
    rt_hw_interrupt_disable                  0x0800028d   Thumb Code     8  context_rvds.o(.text)
    rt_hw_interrupt_enable                   0x08000295   Thumb Code     6  context_rvds.o(.text)
    rt_hw_context_switch                     0x0800029b   Thumb Code    32  context_rvds.o(.text)
    rt_hw_context_switch_interrupt           0x0800029b   Thumb Code     0  context_rvds.o(.text)
    PendSV_Handler                           0x080002bb   Thumb Code   108  context_rvds.o(.text)
    rt_hw_context_switch_to                  0x08000327   Thumb Code    76  context_rvds.o(.text)
    rt_hw_interrupt_thread_switch            0x08000373   Thumb Code     2  context_rvds.o(.text)
    HardFault_Handler                        0x08000375   Thumb Code    56  context_rvds.o(.text)
    __aeabi_uldivmod                         0x080003c9   Thumb Code     0  lludivv7m.o(.text)
    _ll_udiv                                 0x080003c9   Thumb Code   238  lludivv7m.o(.text)
    __aeabi_memclr4                          0x080004b7   Thumb Code     0  rt_memclr_w.o(.text)
    __aeabi_memclr8                          0x080004b7   Thumb Code     0  rt_memclr_w.o(.text)
    __rt_memclr_w                            0x080004b7   Thumb Code    78  rt_memclr_w.o(.text)
    _memset_w                                0x080004bb   Thumb Code     0  rt_memclr_w.o(.text)
    __use_two_region_memory                  0x08000505   Thumb Code     2  heapauxi.o(.text)
    __rt_heap_escrow$2region                 0x08000507   Thumb Code     2  heapauxi.o(.text)
    __rt_heap_expand$2region                 0x08000509   Thumb Code     2  heapauxi.o(.text)
    __user_setup_stackheap                   0x0800050b   Thumb Code    74  sys_stackheap_outer.o(.text)
    exit                                     0x08000555   Thumb Code    18  exit.o(.text)
    __user_libspace                          0x08000569   Thumb Code     8  libspace.o(.text)
    __user_perproc_libspace                  0x08000569   Thumb Code     0  libspace.o(.text)
    __user_perthread_libspace                0x08000569   Thumb Code     0  libspace.o(.text)
    _sys_exit                                0x08000571   Thumb Code     8  sys_exit.o(.text)
    __I$use$semihosting                      0x0800057d   Thumb Code     0  use_no_semi.o(.text)
    __use_no_semihosting_swi                 0x0800057d   Thumb Code     2  use_no_semi.o(.text)
    __semihosting_library_function           0x0800057f   Thumb Code     0  indicate_semi.o(.text)
    main                                     0x0800057f   Thumb Code    10  components.o(i.$Sub$$main)
    BusFault_Handler                         0x08000589   Thumb Code     4  stm32f4xx_it.o(i.BusFault_Handler)
    DebugMon_Handler                         0x0800058d   Thumb Code     2  stm32f4xx_it.o(i.DebugMon_Handler)
    Error_Handler                            0x0800058f   Thumb Code     6  main.o(i.Error_Handler)
    HAL_GPIO_Init                            0x08000595   Thumb Code   474  stm32f4xx_hal_gpio.o(i.HAL_GPIO_Init)
    HAL_GPIO_ReadPin                         0x080007a5   Thumb Code    16  stm32f4xx_hal_gpio.o(i.HAL_GPIO_ReadPin)
    HAL_GPIO_TogglePin                       0x080007b5   Thumb Code    20  stm32f4xx_hal_gpio.o(i.HAL_GPIO_TogglePin)
    HAL_GPIO_WritePin                        0x080007c9   Thumb Code    12  stm32f4xx_hal_gpio.o(i.HAL_GPIO_WritePin)
    HAL_GetTick                              0x080007d5   Thumb Code     6  stm32f4xx_hal.o(i.HAL_GetTick)
    HAL_IncTick                              0x080007e1   Thumb Code    16  stm32f4xx_hal.o(i.HAL_IncTick)
    HAL_Init                                 0x080007f9   Thumb Code    54  stm32f4xx_hal.o(i.HAL_Init)
    HAL_InitTick                             0x08000835   Thumb Code   160  stm32f4xx_hal_timebase_tim.o(i.HAL_InitTick)
    HAL_MspInit                              0x080008e9   Thumb Code    68  stm32f4xx_hal_msp.o(i.HAL_MspInit)
    HAL_NVIC_EnableIRQ                       0x08000931   Thumb Code    40  stm32f4xx_hal_cortex.o(i.HAL_NVIC_EnableIRQ)
    HAL_NVIC_SetPriority                     0x08000959   Thumb Code   124  stm32f4xx_hal_cortex.o(i.HAL_NVIC_SetPriority)
    HAL_NVIC_SetPriorityGrouping             0x080009d5   Thumb Code    32  stm32f4xx_hal_cortex.o(i.HAL_NVIC_SetPriorityGrouping)
    HAL_PWREx_EnableOverDrive                0x080009fd   Thumb Code   128  stm32f4xx_hal_pwr_ex.o(i.HAL_PWREx_EnableOverDrive)
    HAL_RCC_ClockConfig                      0x08000a89   Thumb Code   368  stm32f4xx_hal_rcc.o(i.HAL_RCC_ClockConfig)
    HAL_RCC_GetClockConfig                   0x08000c0d   Thumb Code    58  stm32f4xx_hal_rcc.o(i.HAL_RCC_GetClockConfig)
    HAL_RCC_GetHCLKFreq                      0x08000c51   Thumb Code     6  stm32f4xx_hal_rcc.o(i.HAL_RCC_GetHCLKFreq)
    HAL_RCC_GetPCLK1Freq                     0x08000c5d   Thumb Code    22  stm32f4xx_hal_rcc.o(i.HAL_RCC_GetPCLK1Freq)
    HAL_RCC_GetSysClockFreq                  0x08000c7d   Thumb Code   162  stm32f4xx_hal_rcc.o(i.HAL_RCC_GetSysClockFreq)
    HAL_RCC_OscConfig                        0x08000d2d   Thumb Code  1172  stm32f4xx_hal_rcc.o(i.HAL_RCC_OscConfig)
    HAL_SYSTICK_Config                       0x080011c9   Thumb Code    52  stm32f4xx_hal_cortex.o(i.HAL_SYSTICK_Config)
    HAL_TIMEx_BreakCallback                  0x080011fd   Thumb Code     2  stm32f4xx_hal_tim_ex.o(i.HAL_TIMEx_BreakCallback)
    HAL_TIMEx_CommutCallback                 0x080011ff   Thumb Code     2  stm32f4xx_hal_tim_ex.o(i.HAL_TIMEx_CommutCallback)
    HAL_TIM_Base_Init                        0x08001201   Thumb Code   102  stm32f4xx_hal_tim.o(i.HAL_TIM_Base_Init)
    HAL_TIM_Base_MspInit                     0x08001267   Thumb Code     2  stm32f4xx_hal_tim.o(i.HAL_TIM_Base_MspInit)
    HAL_TIM_Base_Start_IT                    0x08001269   Thumb Code   138  stm32f4xx_hal_tim.o(i.HAL_TIM_Base_Start_IT)
    HAL_TIM_IC_CaptureCallback               0x08001311   Thumb Code     2  stm32f4xx_hal_tim.o(i.HAL_TIM_IC_CaptureCallback)
    HAL_TIM_IRQHandler                       0x08001313   Thumb Code   364  stm32f4xx_hal_tim.o(i.HAL_TIM_IRQHandler)
    HAL_TIM_OC_DelayElapsedCallback          0x0800147f   Thumb Code     2  stm32f4xx_hal_tim.o(i.HAL_TIM_OC_DelayElapsedCallback)
    HAL_TIM_PWM_PulseFinishedCallback        0x08001481   Thumb Code     2  stm32f4xx_hal_tim.o(i.HAL_TIM_PWM_PulseFinishedCallback)
    HAL_TIM_PeriodElapsedCallback            0x08001485   Thumb Code    18  main.o(i.HAL_TIM_PeriodElapsedCallback)
    HAL_TIM_TriggerCallback                  0x0800149d   Thumb Code     2  stm32f4xx_hal_tim.o(i.HAL_TIM_TriggerCallback)
    MX_GPIO_Init                             0x080014a1   Thumb Code   140  gpio.o(i.MX_GPIO_Init)
    MemManage_Handler                        0x08001535   Thumb Code     4  stm32f4xx_it.o(i.MemManage_Handler)
    NMI_Handler                              0x08001539   Thumb Code     4  stm32f4xx_it.o(i.NMI_Handler)
    SysTick_Handler                          0x0800153d   Thumb Code    18  board.o(i.SysTick_Handler)
    SystemClock_Config                       0x08001551   Thumb Code   184  main.o(i.SystemClock_Config)
    SystemCoreClockUpdate                    0x08001611   Thumb Code   160  system_stm32f4xx.o(i.SystemCoreClockUpdate)
    SystemInit                               0x080016c5   Thumb Code    14  system_stm32f4xx.o(i.SystemInit)
    TIM6_DAC_IRQHandler                      0x080016d9   Thumb Code    10  stm32f4xx_it.o(i.TIM6_DAC_IRQHandler)
    TIM_Base_SetConfig                       0x080016e9   Thumb Code   178  stm32f4xx_hal_tim.o(i.TIM_Base_SetConfig)
    UsageFault_Handler                       0x080017c9   Thumb Code     4  stm32f4xx_it.o(i.UsageFault_Handler)
    __rt_ffs                                 0x08001805   Thumb Code    66  kservice.o(i.__rt_ffs)
    app_task_init                            0x08001a49   Thumb Code    64  app_task.o(i.app_task_init)
    drv_gpio_create                          0x08001aa5   Thumb Code    22  drv_gpio.o(i.drv_gpio_create)
    $Super$$main                             0x08001b01   Thumb Code    28  main.o(i.main)
    main_thread_entry                        0x08001b1d   Thumb Code    14  components.o(i.main_thread_entry)
    rt_application_init                      0x08001c9d   Thumb Code    52  components.o(i.rt_application_init)
    rt_components_board_init                 0x08001ce1   Thumb Code    22  components.o(i.rt_components_board_init)
    rt_components_init                       0x08001d01   Thumb Code    22  components.o(i.rt_components_init)
    rt_enter_critical                        0x08001d49   Thumb Code    22  scheduler.o(i.rt_enter_critical)
    rt_exit_critical                         0x08001d65   Thumb Code    52  scheduler.o(i.rt_exit_critical)
    rt_hw_board_init                         0x08001d9d   Thumb Code    38  board.o(i.rt_hw_board_init)
    rt_hw_hard_fault_exception               0x08001dc5   Thumb Code    22  cpuport.o(i.rt_hw_hard_fault_exception)
    rt_hw_stack_init                         0x08001de1   Thumb Code    62  cpuport.o(i.rt_hw_stack_init)
    rt_interrupt_enter                       0x08001e25   Thumb Code    22  irq.o(i.rt_interrupt_enter)
    rt_interrupt_leave                       0x08001e41   Thumb Code    22  irq.o(i.rt_interrupt_leave)
    rt_memset                                0x08001e5d   Thumb Code    86  kservice.o(i.rt_memset)
    rt_object_detach                         0x08001eb3   Thumb Code    44  object.o(i.rt_object_detach)
    rt_object_get_information                0x08001ee1   Thumb Code    30  object.o(i.rt_object_get_information)
    rt_object_init                           0x08001f05   Thumb Code    90  object.o(i.rt_object_init)
    rt_object_is_systemobject                0x08001f5f   Thumb Code    16  object.o(i.rt_object_is_systemobject)
    rt_schedule                              0x08001f71   Thumb Code   216  scheduler.o(i.rt_schedule)
    rt_schedule_insert_thread                0x08002051   Thumb Code   144  scheduler.o(i.rt_schedule_insert_thread)
    rt_schedule_remove_thread                0x080020e9   Thumb Code    76  scheduler.o(i.rt_schedule_remove_thread)
    rt_show_version                          0x0800213d   Thumb Code     2  kservice.o(i.rt_show_version)
    rt_sprintf                               0x0800213f   Thumb Code    18  kservice.o(i.rt_sprintf)
    rt_strncpy                               0x08002151   Thumb Code    42  kservice.o(i.rt_strncpy)
    rt_system_scheduler_init                 0x0800217d   Thumb Code    34  scheduler.o(i.rt_system_scheduler_init)
    rt_system_scheduler_start                0x080021a9   Thumb Code    36  scheduler.o(i.rt_system_scheduler_start)
    rt_system_timer_init                     0x080021d1   Thumb Code    20  timer.o(i.rt_system_timer_init)
    rt_system_timer_thread_init              0x080021e9   Thumb Code     2  timer.o(i.rt_system_timer_thread_init)
    rt_thread_defunct_dequeue                0x080021ed   Thumb Code    48  idle.o(i.rt_thread_defunct_dequeue)
    rt_thread_defunct_enqueue                0x08002221   Thumb Code    18  idle.o(i.rt_thread_defunct_enqueue)
    rt_thread_idle_init                      0x08002241   Thumb Code    86  idle.o(i.rt_thread_idle_init)
    rt_thread_init                           0x080022a9   Thumb Code    50  thread.o(i.rt_thread_init)
    rt_thread_mdelay                         0x080022db   Thumb Code    14  thread.o(i.rt_thread_mdelay)
    rt_thread_resume                         0x080022e9   Thumb Code    72  thread.o(i.rt_thread_resume)
    rt_thread_self                           0x08002331   Thumb Code     6  thread.o(i.rt_thread_self)
    rt_thread_sleep                          0x0800233d   Thumb Code    68  thread.o(i.rt_thread_sleep)
    rt_thread_startup                        0x08002381   Thumb Code    38  thread.o(i.rt_thread_startup)
    rt_thread_suspend                        0x080023a7   Thumb Code    72  thread.o(i.rt_thread_suspend)
    rt_tick_from_millisecond                 0x080023ef   Thumb Code    50  clock.o(i.rt_tick_from_millisecond)
    rt_tick_get                              0x08002421   Thumb Code     6  clock.o(i.rt_tick_get)
    rt_tick_increase                         0x0800242d   Thumb Code    70  clock.o(i.rt_tick_increase)
    rt_timer_check                           0x08002479   Thumb Code   240  timer.o(i.rt_timer_check)
    rt_timer_control                         0x0800256d   Thumb Code    90  timer.o(i.rt_timer_control)
    rt_timer_detach                          0x080025c7   Thumb Code    70  timer.o(i.rt_timer_detach)
    rt_timer_init                            0x0800260d   Thumb Code    42  timer.o(i.rt_timer_init)
    rt_timer_start                           0x08002639   Thumb Code   200  timer.o(i.rt_timer_start)
    rt_timer_stop                            0x08002709   Thumb Code    82  timer.o(i.rt_timer_stop)
    rt_vsnprintf                             0x0800275d   Thumb Code   802  kservice.o(i.rt_vsnprintf)
    rt_vsprintf                              0x08002a89   Thumb Code    18  kservice.o(i.rt_vsprintf)
    rtthread_startup                         0x08002aab   Thumb Code    42  components.o(i.rtthread_startup)
    srv_led_create                           0x08002ad5   Thumb Code    56  srv_led.o(i.srv_led_create)
    _fp_init                                 0x08002b25   Thumb Code    10  fpinit.o(x$fpl$fpinit)
    __fplib_config_fpu_vfp                   0x08002b2d   Thumb Code     0  fpinit.o(x$fpl$fpinit)
    __fplib_config_pureend_doubles           0x08002b2d   Thumb Code     0  fpinit.o(x$fpl$fpinit)
    AHBPrescTable                            0x08002b2e   Data          16  system_stm32f4xx.o(.constdata)
    APBPrescTable                            0x08002b3e   Data           8  system_stm32f4xx.o(.constdata)
    __lowest_bit_bitmap                      0x08002b46   Data         256  kservice.o(.constdata)
    __rt_init_rti_start                      0x08002c68   Data           4  components.o(.rti_fn.0)
    __rt_init_rti_board_start                0x08002c6c   Data           4  components.o(.rti_fn.0.end)
    __rt_init_rti_board_end                  0x08002c70   Data           4  components.o(.rti_fn.1.end)
    __rt_init_rti_end                        0x08002c74   Data           4  components.o(.rti_fn.6.end)
    Region$$Table$$Base                      0x08002c78   Number         0  anon$$obj.o(Region$$Table)
    Region$$Table$$Limit                     0x08002c98   Number         0  anon$$obj.o(Region$$Table)
    uwTick                                   0x20000000   Data           4  stm32f4xx_hal.o(.data)
    uwTickPrio                               0x20000004   Data           4  stm32f4xx_hal.o(.data)
    uwTickFreq                               0x20000008   Data           1  stm32f4xx_hal.o(.data)
    SystemCoreClock                          0x2000000c   Data           4  system_stm32f4xx.o(.data)
    rt_interrupt_from_thread                 0x20000014   Data           4  cpuport.o(.data)
    rt_interrupt_to_thread                   0x20000018   Data           4  cpuport.o(.data)
    rt_thread_switch_interrupt_flag          0x2000001c   Data           4  cpuport.o(.data)
    rt_interrupt_nest                        0x2000002c   Data           1  irq.o(.data)
    rt_current_priority                      0x20000060   Data           1  scheduler.o(.data)
    rt_current_thread                        0x20000064   Data           4  scheduler.o(.data)
    rt_thread_ready_priority_group           0x20000068   Data           4  scheduler.o(.data)
    htim6                                    0x20000358   Data          72  stm32f4xx_hal_timebase_tim.o(.bss)
    main_thread                              0x200007a0   Data         120  components.o(.bss)
    rt_thread_priority_table                 0x20000910   Data         256  scheduler.o(.bss)
    __libspace_start                         0x20000a10   Data          96  libspace.o(.bss)
    __temporary_stack_top$libspace           0x20000a70   Data           0  libspace.o(.bss)



==============================================================================

Memory Map of the image

  Image Entry point : 0x080001ad

  Load Region LR_IROM1 (Base: 0x08000000, Size: 0x00002d10, Max: 0x00100000, ABSOLUTE)

    Execution Region ER_IROM1 (Exec base: 0x08000000, Load base: 0x08000000, Size: 0x00002c98, Max: 0x00100000, ABSOLUTE)

    Exec Addr    Load Addr    Size         Type   Attr      Idx    E Section Name        Object

    0x08000000   0x08000000   0x000001ac   Data   RO          246    RESET               startup_stm32f429xx.o
    0x080001ac   0x080001ac   0x00000008   Code   RO         3555  * !!!main             c_w.l(__main.o)
    0x080001b4   0x080001b4   0x00000034   Code   RO         3722    !!!scatter          c_w.l(__scatter.o)
    0x080001e8   0x080001e8   0x0000001a   Code   RO         3724    !!handler_copy      c_w.l(__scatter_copy.o)
    0x08000202   0x08000202   0x00000002   PAD
    0x08000204   0x08000204   0x0000001c   Code   RO         3726    !!handler_zi        c_w.l(__scatter_zi.o)
    0x08000220   0x08000220   0x00000002   Code   RO         3592    .ARM.Collect$$libinit$$00000000  c_w.l(libinit.o)
    0x08000222   0x08000222   0x00000004   Code   RO         3604    .ARM.Collect$$libinit$$00000001  c_w.l(libinit2.o)
    0x08000226   0x08000226   0x00000000   Code   RO         3607    .ARM.Collect$$libinit$$00000004  c_w.l(libinit2.o)
    0x08000226   0x08000226   0x00000000   Code   RO         3610    .ARM.Collect$$libinit$$0000000A  c_w.l(libinit2.o)
    0x08000226   0x08000226   0x00000000   Code   RO         3612    .ARM.Collect$$libinit$$0000000C  c_w.l(libinit2.o)
    0x08000226   0x08000226   0x00000000   Code   RO         3614    .ARM.Collect$$libinit$$0000000E  c_w.l(libinit2.o)
    0x08000226   0x08000226   0x00000000   Code   RO         3617    .ARM.Collect$$libinit$$00000011  c_w.l(libinit2.o)
    0x08000226   0x08000226   0x00000000   Code   RO         3619    .ARM.Collect$$libinit$$00000013  c_w.l(libinit2.o)
    0x08000226   0x08000226   0x00000000   Code   RO         3621    .ARM.Collect$$libinit$$00000015  c_w.l(libinit2.o)
    0x08000226   0x08000226   0x00000000   Code   RO         3623    .ARM.Collect$$libinit$$00000017  c_w.l(libinit2.o)
    0x08000226   0x08000226   0x00000000   Code   RO         3625    .ARM.Collect$$libinit$$00000019  c_w.l(libinit2.o)
    0x08000226   0x08000226   0x00000000   Code   RO         3627    .ARM.Collect$$libinit$$0000001B  c_w.l(libinit2.o)
    0x08000226   0x08000226   0x00000000   Code   RO         3629    .ARM.Collect$$libinit$$0000001D  c_w.l(libinit2.o)
    0x08000226   0x08000226   0x00000000   Code   RO         3631    .ARM.Collect$$libinit$$0000001F  c_w.l(libinit2.o)
    0x08000226   0x08000226   0x00000000   Code   RO         3633    .ARM.Collect$$libinit$$00000021  c_w.l(libinit2.o)
    0x08000226   0x08000226   0x00000000   Code   RO         3635    .ARM.Collect$$libinit$$00000023  c_w.l(libinit2.o)
    0x08000226   0x08000226   0x00000000   Code   RO         3637    .ARM.Collect$$libinit$$00000025  c_w.l(libinit2.o)
    0x08000226   0x08000226   0x00000000   Code   RO         3641    .ARM.Collect$$libinit$$0000002C  c_w.l(libinit2.o)
    0x08000226   0x08000226   0x00000000   Code   RO         3643    .ARM.Collect$$libinit$$0000002E  c_w.l(libinit2.o)
    0x08000226   0x08000226   0x00000000   Code   RO         3645    .ARM.Collect$$libinit$$00000030  c_w.l(libinit2.o)
    0x08000226   0x08000226   0x00000000   Code   RO         3647    .ARM.Collect$$libinit$$00000032  c_w.l(libinit2.o)
    0x08000226   0x08000226   0x00000002   Code   RO         3648    .ARM.Collect$$libinit$$00000033  c_w.l(libinit2.o)
    0x08000228   0x08000228   0x00000002   Code   RO         3679    .ARM.Collect$$libshutdown$$00000000  c_w.l(libshutdown.o)
    0x0800022a   0x0800022a   0x00000000   Code   RO         3705    .ARM.Collect$$libshutdown$$00000002  c_w.l(libshutdown2.o)
    0x0800022a   0x0800022a   0x00000000   Code   RO         3707    .ARM.Collect$$libshutdown$$00000004  c_w.l(libshutdown2.o)
    0x0800022a   0x0800022a   0x00000000   Code   RO         3710    .ARM.Collect$$libshutdown$$00000007  c_w.l(libshutdown2.o)
    0x0800022a   0x0800022a   0x00000000   Code   RO         3713    .ARM.Collect$$libshutdown$$0000000A  c_w.l(libshutdown2.o)
    0x0800022a   0x0800022a   0x00000000   Code   RO         3715    .ARM.Collect$$libshutdown$$0000000C  c_w.l(libshutdown2.o)
    0x0800022a   0x0800022a   0x00000000   Code   RO         3718    .ARM.Collect$$libshutdown$$0000000F  c_w.l(libshutdown2.o)
    0x0800022a   0x0800022a   0x00000002   Code   RO         3719    .ARM.Collect$$libshutdown$$00000010  c_w.l(libshutdown2.o)
    0x0800022c   0x0800022c   0x00000000   Code   RO         3557    .ARM.Collect$$rtentry$$00000000  c_w.l(__rtentry.o)
    0x0800022c   0x0800022c   0x00000000   Code   RO         3563    .ARM.Collect$$rtentry$$00000002  c_w.l(__rtentry2.o)
    0x0800022c   0x0800022c   0x00000006   Code   RO         3575    .ARM.Collect$$rtentry$$00000004  c_w.l(__rtentry4.o)
    0x08000232   0x08000232   0x00000000   Code   RO         3565    .ARM.Collect$$rtentry$$00000009  c_w.l(__rtentry2.o)
    0x08000232   0x08000232   0x00000004   Code   RO         3566    .ARM.Collect$$rtentry$$0000000A  c_w.l(__rtentry2.o)
    0x08000236   0x08000236   0x00000000   Code   RO         3568    .ARM.Collect$$rtentry$$0000000C  c_w.l(__rtentry2.o)
    0x08000236   0x08000236   0x00000008   Code   RO         3569    .ARM.Collect$$rtentry$$0000000D  c_w.l(__rtentry2.o)
    0x0800023e   0x0800023e   0x00000002   Code   RO         3596    .ARM.Collect$$rtexit$$00000000  c_w.l(rtexit.o)
    0x08000240   0x08000240   0x00000000   Code   RO         3652    .ARM.Collect$$rtexit$$00000002  c_w.l(rtexit2.o)
    0x08000240   0x08000240   0x00000004   Code   RO         3653    .ARM.Collect$$rtexit$$00000003  c_w.l(rtexit2.o)
    0x08000244   0x08000244   0x00000006   Code   RO         3654    .ARM.Collect$$rtexit$$00000004  c_w.l(rtexit2.o)
    0x0800024a   0x0800024a   0x00000002   PAD
    0x0800024c   0x0800024c   0x00000040   Code   RO          247    .text               startup_stm32f429xx.o
    0x0800028c   0x0800028c   0x0000013c   Code   RO         2749    .text               context_rvds.o
    0x080003c8   0x080003c8   0x000000ee   Code   RO         3549    .text               c_w.l(lludivv7m.o)
    0x080004b6   0x080004b6   0x0000004e   Code   RO         3551    .text               c_w.l(rt_memclr_w.o)
    0x08000504   0x08000504   0x00000006   Code   RO         3553    .text               c_w.l(heapauxi.o)
    0x0800050a   0x0800050a   0x0000004a   Code   RO         3579    .text               c_w.l(sys_stackheap_outer.o)
    0x08000554   0x08000554   0x00000012   Code   RO         3581    .text               c_w.l(exit.o)
    0x08000566   0x08000566   0x00000002   PAD
    0x08000568   0x08000568   0x00000008   Code   RO         3593    .text               c_w.l(libspace.o)
    0x08000570   0x08000570   0x0000000c   Code   RO         3649    .text               c_w.l(sys_exit.o)
    0x0800057c   0x0800057c   0x00000002   Code   RO         3668    .text               c_w.l(use_no_semi.o)
    0x0800057e   0x0800057e   0x00000000   Code   RO         3670    .text               c_w.l(indicate_semi.o)
    0x0800057e   0x0800057e   0x0000000a   Code   RO         2836    i.$Sub$$main        components.o
    0x08000588   0x08000588   0x00000004   Code   RO          323    i.BusFault_Handler  stm32f4xx_it.o
    0x0800058c   0x0800058c   0x00000002   Code   RO          324    i.DebugMon_Handler  stm32f4xx_it.o
    0x0800058e   0x0800058e   0x00000006   Code   RO          254    i.Error_Handler     main.o
    0x08000594   0x08000594   0x00000210   Code   RO         1885    i.HAL_GPIO_Init     stm32f4xx_hal_gpio.o
    0x080007a4   0x080007a4   0x00000010   Code   RO         1887    i.HAL_GPIO_ReadPin  stm32f4xx_hal_gpio.o
    0x080007b4   0x080007b4   0x00000014   Code   RO         1888    i.HAL_GPIO_TogglePin  stm32f4xx_hal_gpio.o
    0x080007c8   0x080007c8   0x0000000c   Code   RO         1889    i.HAL_GPIO_WritePin  stm32f4xx_hal_gpio.o
    0x080007d4   0x080007d4   0x0000000c   Code   RO         2460    i.HAL_GetTick       stm32f4xx_hal.o
    0x080007e0   0x080007e0   0x00000018   Code   RO         2466    i.HAL_IncTick       stm32f4xx_hal.o
    0x080007f8   0x080007f8   0x0000003c   Code   RO         2467    i.HAL_Init          stm32f4xx_hal.o
    0x08000834   0x08000834   0x000000b4   Code   RO          405    i.HAL_InitTick      stm32f4xx_hal_timebase_tim.o
    0x080008e8   0x080008e8   0x00000048   Code   RO          381    i.HAL_MspInit       stm32f4xx_hal_msp.o
    0x08000930   0x08000930   0x00000028   Code   RO         2295    i.HAL_NVIC_EnableIRQ  stm32f4xx_hal_cortex.o
    0x08000958   0x08000958   0x0000007c   Code   RO         2301    i.HAL_NVIC_SetPriority  stm32f4xx_hal_cortex.o
    0x080009d4   0x080009d4   0x00000028   Code   RO         2302    i.HAL_NVIC_SetPriorityGrouping  stm32f4xx_hal_cortex.o
    0x080009fc   0x080009fc   0x0000008c   Code   RO         2221    i.HAL_PWREx_EnableOverDrive  stm32f4xx_hal_pwr_ex.o
    0x08000a88   0x08000a88   0x00000184   Code   RO         1429    i.HAL_RCC_ClockConfig  stm32f4xx_hal_rcc.o
    0x08000c0c   0x08000c0c   0x00000044   Code   RO         1433    i.HAL_RCC_GetClockConfig  stm32f4xx_hal_rcc.o
    0x08000c50   0x08000c50   0x0000000c   Code   RO         1434    i.HAL_RCC_GetHCLKFreq  stm32f4xx_hal_rcc.o
    0x08000c5c   0x08000c5c   0x00000020   Code   RO         1436    i.HAL_RCC_GetPCLK1Freq  stm32f4xx_hal_rcc.o
    0x08000c7c   0x08000c7c   0x000000b0   Code   RO         1438    i.HAL_RCC_GetSysClockFreq  stm32f4xx_hal_rcc.o
    0x08000d2c   0x08000d2c   0x0000049c   Code   RO         1441    i.HAL_RCC_OscConfig  stm32f4xx_hal_rcc.o
    0x080011c8   0x080011c8   0x00000034   Code   RO         2306    i.HAL_SYSTICK_Config  stm32f4xx_hal_cortex.o
    0x080011fc   0x080011fc   0x00000002   Code   RO         1161    i.HAL_TIMEx_BreakCallback  stm32f4xx_hal_tim_ex.o
    0x080011fe   0x080011fe   0x00000002   Code   RO         1162    i.HAL_TIMEx_CommutCallback  stm32f4xx_hal_tim_ex.o
    0x08001200   0x08001200   0x00000066   Code   RO          446    i.HAL_TIM_Base_Init  stm32f4xx_hal_tim.o
    0x08001266   0x08001266   0x00000002   Code   RO          448    i.HAL_TIM_Base_MspInit  stm32f4xx_hal_tim.o
    0x08001268   0x08001268   0x000000a8   Code   RO          451    i.HAL_TIM_Base_Start_IT  stm32f4xx_hal_tim.o
    0x08001310   0x08001310   0x00000002   Code   RO          480    i.HAL_TIM_IC_CaptureCallback  stm32f4xx_hal_tim.o
    0x08001312   0x08001312   0x0000016c   Code   RO          494    i.HAL_TIM_IRQHandler  stm32f4xx_hal_tim.o
    0x0800147e   0x0800147e   0x00000002   Code   RO          497    i.HAL_TIM_OC_DelayElapsedCallback  stm32f4xx_hal_tim.o
    0x08001480   0x08001480   0x00000002   Code   RO          524    i.HAL_TIM_PWM_PulseFinishedCallback  stm32f4xx_hal_tim.o
    0x08001482   0x08001482   0x00000002   PAD
    0x08001484   0x08001484   0x00000018   Code   RO          255    i.HAL_TIM_PeriodElapsedCallback  main.o
    0x0800149c   0x0800149c   0x00000002   Code   RO          537    i.HAL_TIM_TriggerCallback  stm32f4xx_hal_tim.o
    0x0800149e   0x0800149e   0x00000002   PAD
    0x080014a0   0x080014a0   0x00000094   Code   RO          299    i.MX_GPIO_Init      gpio.o
    0x08001534   0x08001534   0x00000004   Code   RO          325    i.MemManage_Handler  stm32f4xx_it.o
    0x08001538   0x08001538   0x00000004   Code   RO          326    i.NMI_Handler       stm32f4xx_it.o
    0x0800153c   0x0800153c   0x00000012   Code   RO         3520    i.SysTick_Handler   board.o
    0x0800154e   0x0800154e   0x00000002   PAD
    0x08001550   0x08001550   0x000000c0   Code   RO          256    i.SystemClock_Config  main.o
    0x08001610   0x08001610   0x000000b4   Code   RO         2715    i.SystemCoreClockUpdate  system_stm32f4xx.o
    0x080016c4   0x080016c4   0x00000014   Code   RO         2716    i.SystemInit        system_stm32f4xx.o
    0x080016d8   0x080016d8   0x00000010   Code   RO          327    i.TIM6_DAC_IRQHandler  stm32f4xx_it.o
    0x080016e8   0x080016e8   0x000000e0   Code   RO          539    i.TIM_Base_SetConfig  stm32f4xx_hal_tim.o
    0x080017c8   0x080017c8   0x00000004   Code   RO          328    i.UsageFault_Handler  stm32f4xx_it.o
    0x080017cc   0x080017cc   0x00000010   Code   RO         2308    i.__NVIC_GetPriorityGrouping  stm32f4xx_hal_cortex.o
    0x080017dc   0x080017dc   0x00000028   Code   RO         2309    i.__NVIC_SetPriority  stm32f4xx_hal_cortex.o
    0x08001804   0x08001804   0x00000048   Code   RO         3029    i.__rt_ffs          kservice.o
    0x0800184c   0x0800184c   0x00000002   Code   RO          203    i._gpio_init        drv_gpio.o
    0x0800184e   0x0800184e   0x0000000e   Code   RO          204    i._gpio_read        drv_gpio.o
    0x0800185c   0x0800185c   0x0000000e   Code   RO          205    i._gpio_toggle      drv_gpio.o
    0x0800186a   0x0800186a   0x0000001a   Code   RO          206    i._gpio_write       drv_gpio.o
    0x08001884   0x08001884   0x00000006   Code   RO          158    i._led_get_state    srv_led.o
    0x0800188a   0x0800188a   0x00000016   Code   RO          159    i._led_init         srv_led.o
    0x080018a0   0x080018a0   0x00000020   Code   RO          160    i._led_off          srv_led.o
    0x080018c0   0x080018c0   0x00000020   Code   RO          161    i._led_on           srv_led.o
    0x080018e0   0x080018e0   0x0000001a   Code   RO          162    i._led_set          srv_led.o
    0x080018fa   0x080018fa   0x0000001a   Code   RO          163    i._led_toggle       srv_led.o
    0x08001914   0x08001914   0x00000024   Code   RO         3257    i._scheduler_get_highest_priority_thread  scheduler.o
    0x08001938   0x08001938   0x00000036   Code   RO         3339    i._thread_exit      thread.o
    0x0800196e   0x0800196e   0x00000002   PAD
    0x08001970   0x08001970   0x00000078   Code   RO         3340    i._thread_init      thread.o
    0x080019e8   0x080019e8   0x00000038   Code   RO         3341    i._thread_timeout   thread.o
    0x08001a20   0x08001a20   0x00000028   Code   RO         3442    i._timer_init       timer.o
    0x08001a48   0x08001a48   0x0000005c   Code   RO            4    i.app_task_init     app_task.o
    0x08001aa4   0x08001aa4   0x00000028   Code   RO          207    i.drv_gpio_create   drv_gpio.o
    0x08001acc   0x08001acc   0x00000034   Code   RO            5    i.led_thread_entry  app_task.o
    0x08001b00   0x08001b00   0x0000001c   Code   RO          257    i.main              main.o
    0x08001b1c   0x08001b1c   0x0000000e   Code   RO         2837    i.main_thread_entry  components.o
    0x08001b2a   0x08001b2a   0x00000002   PAD
    0x08001b2c   0x08001b2c   0x00000170   Code   RO         3031    i.print_number      kservice.o
    0x08001c9c   0x08001c9c   0x00000044   Code   RO         2838    i.rt_application_init  components.o
    0x08001ce0   0x08001ce0   0x00000020   Code   RO         2839    i.rt_components_board_init  components.o
    0x08001d00   0x08001d00   0x00000020   Code   RO         2840    i.rt_components_init  components.o
    0x08001d20   0x08001d20   0x00000028   Code   RO         2911    i.rt_defunct_execute  idle.o
    0x08001d48   0x08001d48   0x0000001c   Code   RO         3259    i.rt_enter_critical  scheduler.o
    0x08001d64   0x08001d64   0x00000038   Code   RO         3260    i.rt_exit_critical  scheduler.o
    0x08001d9c   0x08001d9c   0x00000026   Code   RO         3521    i.rt_hw_board_init  board.o
    0x08001dc2   0x08001dc2   0x00000002   PAD
    0x08001dc4   0x08001dc4   0x0000001c   Code   RO         2756    i.rt_hw_hard_fault_exception  cpuport.o
    0x08001de0   0x08001de0   0x00000044   Code   RO         2757    i.rt_hw_stack_init  cpuport.o
    0x08001e24   0x08001e24   0x0000001c   Code   RO         3002    i.rt_interrupt_enter  irq.o
    0x08001e40   0x08001e40   0x0000001c   Code   RO         3004    i.rt_interrupt_leave  irq.o
    0x08001e5c   0x08001e5c   0x00000056   Code   RO         3037    i.rt_memset         kservice.o
    0x08001eb2   0x08001eb2   0x0000002c   Code   RO         3201    i.rt_object_detach  object.o
    0x08001ede   0x08001ede   0x00000002   PAD
    0x08001ee0   0x08001ee0   0x00000024   Code   RO         3203    i.rt_object_get_information  object.o
    0x08001f04   0x08001f04   0x0000005a   Code   RO         3207    i.rt_object_init    object.o
    0x08001f5e   0x08001f5e   0x00000010   Code   RO         3208    i.rt_object_is_systemobject  object.o
    0x08001f6e   0x08001f6e   0x00000002   PAD
    0x08001f70   0x08001f70   0x000000e0   Code   RO         3261    i.rt_schedule       scheduler.o
    0x08002050   0x08002050   0x00000098   Code   RO         3262    i.rt_schedule_insert_thread  scheduler.o
    0x080020e8   0x080020e8   0x00000054   Code   RO         3263    i.rt_schedule_remove_thread  scheduler.o
    0x0800213c   0x0800213c   0x00000002   Code   RO         3039    i.rt_show_version   kservice.o
    0x0800213e   0x0800213e   0x00000012   Code   RO         3041    i.rt_sprintf        kservice.o
    0x08002150   0x08002150   0x0000002a   Code   RO         3048    i.rt_strncpy        kservice.o
    0x0800217a   0x0800217a   0x00000002   PAD
    0x0800217c   0x0800217c   0x0000002c   Code   RO         3264    i.rt_system_scheduler_init  scheduler.o
    0x080021a8   0x080021a8   0x00000028   Code   RO         3265    i.rt_system_scheduler_start  scheduler.o
    0x080021d0   0x080021d0   0x00000018   Code   RO         3444    i.rt_system_timer_init  timer.o
    0x080021e8   0x080021e8   0x00000002   Code   RO         3445    i.rt_system_timer_thread_init  timer.o
    0x080021ea   0x080021ea   0x00000002   PAD
    0x080021ec   0x080021ec   0x00000034   Code   RO         2912    i.rt_thread_defunct_dequeue  idle.o
    0x08002220   0x08002220   0x00000018   Code   RO         2913    i.rt_thread_defunct_enqueue  idle.o
    0x08002238   0x08002238   0x00000006   Code   RO         2914    i.rt_thread_idle_entry  idle.o
    0x0800223e   0x0800223e   0x00000002   PAD
    0x08002240   0x08002240   0x00000068   Code   RO         2916    i.rt_thread_idle_init  idle.o
    0x080022a8   0x080022a8   0x00000032   Code   RO         3347    i.rt_thread_init    thread.o
    0x080022da   0x080022da   0x0000000e   Code   RO         3348    i.rt_thread_mdelay  thread.o
    0x080022e8   0x080022e8   0x00000048   Code   RO         3349    i.rt_thread_resume  thread.o
    0x08002330   0x08002330   0x0000000c   Code   RO         3350    i.rt_thread_self    thread.o
    0x0800233c   0x0800233c   0x00000044   Code   RO         3351    i.rt_thread_sleep   thread.o
    0x08002380   0x08002380   0x00000026   Code   RO         3352    i.rt_thread_startup  thread.o
    0x080023a6   0x080023a6   0x00000048   Code   RO         3353    i.rt_thread_suspend  thread.o
    0x080023ee   0x080023ee   0x00000032   Code   RO         2795    i.rt_tick_from_millisecond  clock.o
    0x08002420   0x08002420   0x0000000c   Code   RO         2796    i.rt_tick_get       clock.o
    0x0800242c   0x0800242c   0x0000004c   Code   RO         2798    i.rt_tick_increase  clock.o
    0x08002478   0x08002478   0x000000f4   Code   RO         3446    i.rt_timer_check    timer.o
    0x0800256c   0x0800256c   0x0000005a   Code   RO         3447    i.rt_timer_control  timer.o
    0x080025c6   0x080025c6   0x00000046   Code   RO         3448    i.rt_timer_detach   timer.o
    0x0800260c   0x0800260c   0x0000002a   Code   RO         3449    i.rt_timer_init     timer.o
    0x08002636   0x08002636   0x00000002   PAD
    0x08002638   0x08002638   0x000000d0   Code   RO         3451    i.rt_timer_start    timer.o
    0x08002708   0x08002708   0x00000052   Code   RO         3452    i.rt_timer_stop     timer.o
    0x0800275a   0x0800275a   0x00000002   PAD
    0x0800275c   0x0800275c   0x0000032c   Code   RO         3051    i.rt_vsnprintf      kservice.o
    0x08002a88   0x08002a88   0x00000012   Code   RO         3052    i.rt_vsprintf       kservice.o
    0x08002a9a   0x08002a9a   0x00000004   Code   RO         2841    i.rti_board_end     components.o
    0x08002a9e   0x08002a9e   0x00000004   Code   RO         2842    i.rti_board_start   components.o
    0x08002aa2   0x08002aa2   0x00000004   Code   RO         2843    i.rti_end           components.o
    0x08002aa6   0x08002aa6   0x00000004   Code   RO         2844    i.rti_start         components.o
    0x08002aaa   0x08002aaa   0x0000002a   Code   RO         2845    i.rtthread_startup  components.o
    0x08002ad4   0x08002ad4   0x00000050   Code   RO          164    i.srv_led_create    srv_led.o
    0x08002b24   0x08002b24   0x0000000a   Code   RO         3664    x$fpl$fpinit        fz_wm.l(fpinit.o)
    0x08002b2e   0x08002b2e   0x00000018   Data   RO         2717    .constdata          system_stm32f4xx.o
    0x08002b46   0x08002b46   0x00000122   Data   RO         3053    .constdata          kservice.o
    0x08002c68   0x08002c68   0x00000004   Data   RO         2847    .rti_fn.0           components.o
    0x08002c6c   0x08002c6c   0x00000004   Data   RO         2848    .rti_fn.0.end       components.o
    0x08002c70   0x08002c70   0x00000004   Data   RO         2849    .rti_fn.1.end       components.o
    0x08002c74   0x08002c74   0x00000004   Data   RO         2850    .rti_fn.6.end       components.o
    0x08002c78   0x08002c78   0x00000020   Data   RO         3720    Region$$Table       anon$$obj.o


    Execution Region RW_IRAM2 (Exec base: 0x10000000, Load base: 0x08002d10, Size: 0x00000000, Max: 0x00010000, ABSOLUTE)

    **** No section assigned to this execution region ****


    Execution Region RW_IRAM1 (Exec base: 0x20000000, Load base: 0x08002c98, Size: 0x00001070, Max: 0x00030000, ABSOLUTE)

    Exec Addr    Load Addr    Size         Type   Attr      Idx    E Section Name        Object

    0x20000000   0x08002c98   0x00000009   Data   RW         2474    .data               stm32f4xx_hal.o
    0x20000009   0x08002ca1   0x00000003   PAD
    0x2000000c   0x08002ca4   0x00000004   Data   RW         2718    .data               system_stm32f4xx.o
    0x20000010   0x08002ca8   0x00000004   Data   RW         2758    .data               cpuport.o
    0x20000014   0x08002cac   0x00000004   Data   RW         2759    .data               cpuport.o
    0x20000018   0x08002cb0   0x00000004   Data   RW         2760    .data               cpuport.o
    0x2000001c   0x08002cb4   0x00000004   Data   RW         2761    .data               cpuport.o
    0x20000020   0x08002cb8   0x00000004   Data   RW         2800    .data               clock.o
    0x20000024   0x08002cbc   0x00000008   Data   RW         2918    .data               idle.o
    0x2000002c   0x08002cc4   0x00000001   Data   RW         3005    .data               irq.o
    0x2000002d   0x08002cc5   0x00000003   PAD
    0x20000030   0x08002cc8   0x00000030   Data   RW         3209    .data               object.o
    0x20000060   0x08002cf8   0x0000000c   Data   RW         3267    .data               scheduler.o
    0x2000006c   0x08002d04   0x0000000c   Data   RW         3453    .data               timer.o
    0x20000078        -       0x000002e0   Zero   RW            6    .bss                app_task.o
    0x20000358        -       0x00000048   Zero   RW          408    .bss                stm32f4xx_hal_timebase_tim.o
    0x200003a0        -       0x00000478   Zero   RW         2846    .bss                components.o
    0x20000818        -       0x000000f8   Zero   RW         2917    .bss                idle.o
    0x20000910        -       0x00000100   Zero   RW         3266    .bss                scheduler.o
    0x20000a10        -       0x00000060   Zero   RW         3594    .bss                c_w.l(libspace.o)
    0x20000a70        -       0x00000200   Zero   RW          245    HEAP                startup_stm32f429xx.o
    0x20000c70        -       0x00000400   Zero   RW          244    STACK               startup_stm32f429xx.o


==============================================================================

Image component sizes


      Code (inc. data)   RO Data    RW Data    ZI Data      Debug   Object Name

       144         36          0          0        736     752732   app_task.o
        56          0          0          0          0       1329   board.o
       138         12          0          4          0       2824   clock.o
       214         36         16          0       1144       7356   components.o
       316         28          0          0          0        936   context_rvds.o
        96         12          0         16          0       4438   cpuport.o
        96         18          0          0          0       2722   drv_gpio.o
       148          8          0          0          0        979   gpio.o
       226         28          0          8        248       7242   idle.o
        56         12          0          1          0       2142   irq.o
      1418         30        290          0          0      10638   kservice.o
       250         14          0          0          0       2768   main.o
       186          6          0         48          0       4760   object.o
       664         58          0         12        256      10476   scheduler.o
       224         24          0          0          0       3953   srv_led.o
        64         26        428          0       1536        836   startup_stm32f429xx.o
        96         20          0          9          0       8378   stm32f4xx_hal.o
       312         22          0          0          0      34511   stm32f4xx_hal_cortex.o
       576         54          0          0          0       3568   stm32f4xx_hal_gpio.o
        72          4          0          0          0        910   stm32f4xx_hal_msp.o
       140         12          0          0          0       1328   stm32f4xx_hal_pwr_ex.o
      1856         84          0          0          0       5878   stm32f4xx_hal_rcc.o
       868         76          0          0          0       6838   stm32f4xx_hal_tim.o
         4          0          0          0          0       1673   stm32f4xx_hal_tim_ex.o
       180         20          0          0         72       1543   stm32f4xx_hal_timebase_tim.o
        34          6          0          0          0       2987   stm32f4xx_it.o
       200         26         24          4          0       1947   system_stm32f4xx.o
       556         16          0          0          0      10782   thread.o
       802         22          0         12          0      12780   timer.o

    ----------------------------------------------------------------------
     10018        710        790        120       3992     909254   Object Totals
         0          0         32          0          0          0   (incl. Generated)
        26          0          0          6          0          0   (incl. Padding)

    ----------------------------------------------------------------------

      Code (inc. data)   RO Data    RW Data    ZI Data      Debug   Library Member Name

         8          0          0          0          0         68   __main.o
         0          0          0          0          0          0   __rtentry.o
        12          0          0          0          0          0   __rtentry2.o
         6          0          0          0          0          0   __rtentry4.o
        52          8          0          0          0          0   __scatter.o
        26          0          0          0          0          0   __scatter_copy.o
        28          0          0          0          0          0   __scatter_zi.o
        18          0          0          0          0         80   exit.o
         6          0          0          0          0        152   heapauxi.o
         0          0          0          0          0          0   indicate_semi.o
         2          0          0          0          0          0   libinit.o
         6          0          0          0          0          0   libinit2.o
         2          0          0          0          0          0   libshutdown.o
         2          0          0          0          0          0   libshutdown2.o
         8          4          0          0         96         68   libspace.o
       238          0          0          0          0        100   lludivv7m.o
        78          0          0          0          0         80   rt_memclr_w.o
         2          0          0          0          0          0   rtexit.o
        10          0          0          0          0          0   rtexit2.o
        12          4          0          0          0         68   sys_exit.o
        74          0          0          0          0         80   sys_stackheap_outer.o
         2          0          0          0          0         68   use_no_semi.o
        10          0          0          0          0        116   fpinit.o

    ----------------------------------------------------------------------
       608         16          0          0         96        880   Library Totals
         6          0          0          0          0          0   (incl. Padding)

    ----------------------------------------------------------------------

      Code (inc. data)   RO Data    RW Data    ZI Data      Debug   Library Name

       592         16          0          0         96        764   c_w.l
        10          0          0          0          0        116   fz_wm.l

    ----------------------------------------------------------------------
       608         16          0          0         96        880   Library Totals

    ----------------------------------------------------------------------

==============================================================================


      Code (inc. data)   RO Data    RW Data    ZI Data      Debug   

     10626        726        790        120       4088     898174   Grand Totals
     10626        726        790        120       4088     898174   ELF Image Totals
     10626        726        790        120          0          0   ROM Totals

==============================================================================

    Total RO  Size (Code + RO Data)                11416 (  11.15kB)
    Total RW  Size (RW Data + ZI Data)              4208 (   4.11kB)
    Total ROM Size (Code + RO Data + RW Data)      11536 (  11.27kB)

==============================================================================

